Component: ARM Compiler 5.06 update 1 (build 61) Tool: armlink [4d35a8]

==============================================================================

Section Cross References

    startup_stm32f103x6.o(RESET) refers to startup_stm32f103x6.o(STACK) for __initial_sp
    startup_stm32f103x6.o(RESET) refers to startup_stm32f103x6.o(.text) for Reset_Handler
    startup_stm32f103x6.o(RESET) refers to stm32f1xx_it.o(i.NMI_Handler) for NMI_Handler
    startup_stm32f103x6.o(RESET) refers to stm32f1xx_it.o(i.HardFault_Handler) for HardFault_Handler
    startup_stm32f103x6.o(RESET) refers to stm32f1xx_it.o(i.MemManage_Handler) for MemManage_Handler
    startup_stm32f103x6.o(RESET) refers to stm32f1xx_it.o(i.BusFault_Handler) for BusFault_Handler
    startup_stm32f103x6.o(RESET) refers to stm32f1xx_it.o(i.UsageFault_Handler) for UsageFault_Handler
    startup_stm32f103x6.o(RESET) refers to stm32f1xx_it.o(i.SVC_Handler) for SVC_Handler
    startup_stm32f103x6.o(RESET) refers to stm32f1xx_it.o(i.DebugMon_Handler) for DebugMon_Handler
    startup_stm32f103x6.o(RESET) refers to stm32f1xx_it.o(i.PendSV_Handler) for PendSV_Handler
    startup_stm32f103x6.o(RESET) refers to stm32f1xx_it.o(i.SysTick_Handler) for SysTick_Handler
    startup_stm32f103x6.o(RESET) refers to stm32f1xx_it.o(i.TIM1_UP_IRQHandler) for TIM1_UP_IRQHandler
    startup_stm32f103x6.o(.text) refers to system_stm32f1xx.o(i.SystemInit) for SystemInit
    startup_stm32f103x6.o(.text) refers to entry.o(.ARM.Collect$$$$00000000) for __main
    main.o(i.HAL_TIM_PeriodElapsedCallback) refers to main.o(i.PID) for PID
    main.o(i.HAL_TIM_PeriodElapsedCallback) refers to tim.o(.bss) for htim1
    main.o(i.PID) refers to my.o(i.Get_Speed) for Get_Speed
    main.o(i.PID) refers to fadd.o(.text) for __aeabi_fadd
    main.o(i.PID) refers to ffixi.o(.text) for __aeabi_f2iz
    main.o(i.PID) refers to fflti.o(.text) for __aeabi_i2f
    main.o(i.PID) refers to pid.o(i.PID_Upright) for PID_Upright
    main.o(i.PID) refers to pid.o(i.PID_Speed) for PID_Speed
    main.o(i.PID) refers to pid.o(i.PID_Steering) for PID_Steering
    main.o(i.PID) refers to my.o(i.Set_Motor_PWM) for Set_Motor_PWM
    main.o(i.PID) refers to main.o(i.Pick_Up_Test) for Pick_Up_Test
    main.o(i.PID) refers to main.o(.data) for .data
    main.o(i.Pick_Up_Test) refers to my.o(i.Set_Motor_PWM) for Set_Motor_PWM
    main.o(i.Pick_Up_Test) refers to main.o(.data) for .data
    main.o(i.SystemClock_Config) refers to memseta.o(.text) for __aeabi_memclr4
    main.o(i.SystemClock_Config) refers to stm32f1xx_hal_rcc.o(i.HAL_RCC_OscConfig) for HAL_RCC_OscConfig
    main.o(i.SystemClock_Config) refers to stm32f1xx_hal_rcc.o(i.HAL_RCC_ClockConfig) for HAL_RCC_ClockConfig
    main.o(i.main) refers to stm32f1xx_hal.o(i.HAL_Init) for HAL_Init
    main.o(i.main) refers to main.o(i.SystemClock_Config) for SystemClock_Config
    main.o(i.main) refers to gpio.o(i.MX_GPIO_Init) for MX_GPIO_Init
    main.o(i.main) refers to tim.o(i.MX_TIM1_Init) for MX_TIM1_Init
    main.o(i.main) refers to tim.o(i.MX_TIM2_Init) for MX_TIM2_Init
    main.o(i.main) refers to tim.o(i.MX_TIM3_Init) for MX_TIM3_Init
    main.o(i.main) refers to usart.o(i.MX_USART1_UART_Init) for MX_USART1_UART_Init
    main.o(i.main) refers to my.o(i.Init) for Init
    main.o(i.main) refers to stm32f1xx_hal_gpio.o(i.HAL_GPIO_WritePin) for HAL_GPIO_WritePin
    main.o(i.main) refers to mpu6050.o(i.MPU_Get_Gyroscope) for MPU_Get_Gyroscope
    main.o(i.main) refers to inv_mpu.o(i.mpu_dmp_get_data) for mpu_dmp_get_data
    main.o(i.main) refers to f2d.o(.text) for __aeabi_f2d
    main.o(i.main) refers to printfa.o(i.__0printf) for __2printf
    main.o(i.main) refers to main.o(.data) for .data
    gpio.o(i.MX_GPIO_Init) refers to stm32f1xx_hal_gpio.o(i.HAL_GPIO_WritePin) for HAL_GPIO_WritePin
    gpio.o(i.MX_GPIO_Init) refers to stm32f1xx_hal_gpio.o(i.HAL_GPIO_Init) for HAL_GPIO_Init
    tim.o(i.HAL_TIM_Base_MspDeInit) refers to stm32f1xx_hal_cortex.o(i.HAL_NVIC_DisableIRQ) for HAL_NVIC_DisableIRQ
    tim.o(i.HAL_TIM_Base_MspInit) refers to stm32f1xx_hal_cortex.o(i.HAL_NVIC_SetPriority) for HAL_NVIC_SetPriority
    tim.o(i.HAL_TIM_Base_MspInit) refers to stm32f1xx_hal_cortex.o(i.HAL_NVIC_EnableIRQ) for HAL_NVIC_EnableIRQ
    tim.o(i.HAL_TIM_Encoder_MspDeInit) refers to stm32f1xx_hal_gpio.o(i.HAL_GPIO_DeInit) for HAL_GPIO_DeInit
    tim.o(i.HAL_TIM_Encoder_MspInit) refers to stm32f1xx_hal_gpio.o(i.HAL_GPIO_Init) for HAL_GPIO_Init
    tim.o(i.HAL_TIM_MspPostInit) refers to stm32f1xx_hal_gpio.o(i.HAL_GPIO_Init) for HAL_GPIO_Init
    tim.o(i.MX_TIM1_Init) refers to memseta.o(.text) for __aeabi_memclr4
    tim.o(i.MX_TIM1_Init) refers to stm32f1xx_hal_tim.o(i.HAL_TIM_Base_Init) for HAL_TIM_Base_Init
    tim.o(i.MX_TIM1_Init) refers to main.o(i.Error_Handler) for Error_Handler
    tim.o(i.MX_TIM1_Init) refers to stm32f1xx_hal_tim.o(i.HAL_TIM_ConfigClockSource) for HAL_TIM_ConfigClockSource
[...]
    i.HAL_GPIO_ReadPin                       0x08000cd8   Section        0  stm32f1xx_hal_gpio.o(i.HAL_GPIO_ReadPin)
    i.HAL_GPIO_WritePin                      0x08000ce2   Section        0  stm32f1xx_hal_gpio.o(i.HAL_GPIO_WritePin)
    i.HAL_GetTick                            0x08000cec   Section        0  stm32f1xx_hal.o(i.HAL_GetTick)
    i.HAL_IncTick                            0x08000cf8   Section        0  stm32f1xx_hal.o(i.HAL_IncTick)
    i.HAL_Init                               0x08000d08   Section        0  stm32f1xx_hal.o(i.HAL_Init)
    i.HAL_InitTick                           0x08000d2c   Section        0  stm32f1xx_hal.o(i.HAL_InitTick)
    i.HAL_MspInit                            0x08000d6c   Section        0  stm32f1xx_hal_msp.o(i.HAL_MspInit)
    i.HAL_NVIC_EnableIRQ                     0x08000da8   Section        0  stm32f1xx_hal_cortex.o(i.HAL_NVIC_EnableIRQ)
    i.HAL_NVIC_SetPriority                   0x08000dc4   Section        0  stm32f1xx_hal_cortex.o(i.HAL_NVIC_SetPriority)
    i.HAL_NVIC_SetPriorityGrouping           0x08000e04   Section        0  stm32f1xx_hal_cortex.o(i.HAL_NVIC_SetPriorityGrouping)
    i.HAL_RCC_ClockConfig                    0x08000e28   Section        0  stm32f1xx_hal_rcc.o(i.HAL_RCC_ClockConfig)
    i.HAL_RCC_GetPCLK1Freq                   0x08000f54   Section        0  stm32f1xx_hal_rcc.o(i.HAL_RCC_GetPCLK1Freq)
    i.HAL_RCC_GetPCLK2Freq                   0x08000f74   Section        0  stm32f1xx_hal_rcc.o(i.HAL_RCC_GetPCLK2Freq)
    i.HAL_RCC_GetSysClockFreq                0x08000f94   Section        0  stm32f1xx_hal_rcc.o(i.HAL_RCC_GetSysClockFreq)
    i.HAL_RCC_OscConfig                      0x08001008   Section        0  stm32f1xx_hal_rcc.o(i.HAL_RCC_OscConfig)
    i.HAL_SYSTICK_Config                     0x08001328   Section        0  stm32f1xx_hal_cortex.o(i.HAL_SYSTICK_Config)
    i.HAL_TIMEx_BreakCallback                0x08001350   Section        0  stm32f1xx_hal_tim_ex.o(i.HAL_TIMEx_BreakCallback)
    i.HAL_TIMEx_CommutCallback               0x08001352   Section        0  stm32f1xx_hal_tim_ex.o(i.HAL_TIMEx_CommutCallback)
    i.HAL_TIMEx_ConfigBreakDeadTime          0x08001354   Section        0  stm32f1xx_hal_tim_ex.o(i.HAL_TIMEx_ConfigBreakDeadTime)
    i.HAL_TIMEx_MasterConfigSynchronization  0x080013a8   Section        0  stm32f1xx_hal_tim_ex.o(i.HAL_TIMEx_MasterConfigSynchronization)
    i.HAL_TIM_Base_Init                      0x08001408   Section        0  stm32f1xx_hal_tim.o(i.HAL_TIM_Base_Init)
    i.HAL_TIM_Base_MspInit                   0x08001464   Section        0  tim.o(i.HAL_TIM_Base_MspInit)
    i.HAL_TIM_Base_Start                     0x080014a0   Section        0  stm32f1xx_hal_tim.o(i.HAL_TIM_Base_Start)
    i.HAL_TIM_Base_Start_IT                  0x080014e4   Section        0  stm32f1xx_hal_tim.o(i.HAL_TIM_Base_Start_IT)
    i.HAL_TIM_ConfigClockSource              0x08001534   Section        0  stm32f1xx_hal_tim.o(i.HAL_TIM_ConfigClockSource)
    i.HAL_TIM_Encoder_Init                   0x0800160a   Section        0  stm32f1xx_hal_tim.o(i.HAL_TIM_Encoder_Init)
    i.HAL_TIM_Encoder_MspInit                0x080016b0   Section        0  tim.o(i.HAL_TIM_Encoder_MspInit)
    i.HAL_TIM_Encoder_Start                  0x08001730   Section        0  stm32f1xx_hal_tim.o(i.HAL_TIM_Encoder_Start)
    i.HAL_TIM_IC_CaptureCallback             0x080017be   Section        0  stm32f1xx_hal_tim.o(i.HAL_TIM_IC_CaptureCallback)
    i.HAL_TIM_IRQHandler                     0x080017c0   Section        0  stm32f1xx_hal_tim.o(i.HAL_TIM_IRQHandler)
    i.HAL_TIM_MspPostInit                    0x08001928   Section        0  tim.o(i.HAL_TIM_MspPostInit)
    i.HAL_TIM_OC_DelayElapsedCallback        0x08001974   Section        0  stm32f1xx_hal_tim.o(i.HAL_TIM_OC_DelayElapsedCallback)
    i.HAL_TIM_PWM_ConfigChannel              0x08001976   Section        0  stm32f1xx_hal_tim.o(i.HAL_TIM_PWM_ConfigChannel)
    i.HAL_TIM_PWM_Init                       0x08001a3c   Section        0  stm32f1xx_hal_tim.o(i.HAL_TIM_PWM_Init)
    i.HAL_TIM_PWM_MspInit                    0x08001a96   Section        0  stm32f1xx_hal_tim.o(i.HAL_TIM_PWM_MspInit)
    i.HAL_TIM_PWM_PulseFinishedCallback      0x08001a98   Section        0  stm32f1xx_hal_tim.o(i.HAL_TIM_PWM_PulseFinishedCallback)
    i.HAL_TIM_PWM_Start                      0x08001a9c   Section        0  stm32f1xx_hal_tim.o(i.HAL_TIM_PWM_Start)
    i.HAL_TIM_PeriodElapsedCallback          0x08001b30   Section        0  main.o(i.HAL_TIM_PeriodElapsedCallback)
    i.HAL_TIM_TriggerCallback                0x08001b40   Section        0  stm32f1xx_hal_tim.o(i.HAL_TIM_TriggerCallback)
    i.HAL_UART_Init                          0x08001b42   Section        0  stm32f1xx_hal_uart.o(i.HAL_UART_Init)
    i.HAL_UART_MspInit                       0x08001ba4   Section        0  usart.o(i.HAL_UART_MspInit)
    i.HAL_UART_Transmit                      0x08001c24   Section        0  stm32f1xx_hal_uart.o(i.HAL_UART_Transmit)
    i.HardFault_Handler                      0x08001cd6   Section        0  stm32f1xx_it.o(i.HardFault_Handler)
    i.I2C_Delay                              0x08001cd8   Section        0  mpuiic.o(i.I2C_Delay)
    i.I2C_End                                0x08001ce0   Section        0  mpuiic.o(i.I2C_End)
    i.I2C_ReadByte                           0x08001d18   Section        0  mpuiic.o(i.I2C_ReadByte)
    i.I2C_SendByte                           0x08001d78   Section        0  mpuiic.o(i.I2C_SendByte)
    i.I2C_Start                              0x08001dcc   Section        0  mpuiic.o(i.I2C_Start)
    i.IIC_Get_ACK                            0x08001e0c   Section        0  mpuiic.o(i.IIC_Get_ACK)
    i.IIC_Send_ACK                           0x08001e4c   Section        0  mpuiic.o(i.IIC_Send_ACK)
    i.Init                                   0x08001e8c   Section        0  my.o(i.Init)
    i.MPU_Get_Gyroscope                      0x08001eb0   Section        0  mpu6050.o(i.MPU_Get_Gyroscope)
    i.MPU_Init                               0x08001ee2   Section        0  mpu6050.o(i.MPU_Init)
    i.MPU_Read_Byte                          0x08001f4c   Section        0  mpuiic.o(i.MPU_Read_Byte)
    i.MPU_Read_Len                           0x08001f7c   Section        0  mpuiic.o(i.MPU_Read_Len)
    i.MPU_Set_Accel_Fsr                      0x08001fd2   Section        0  mpu6050.o(i.MPU_Set_Accel_Fsr)
    i.MPU_Set_Gyro_Fsr                       0x08001fdc   Section        0  mpu6050.o(i.MPU_Set_Gyro_Fsr)
    i.MPU_Set_LPF                            0x08001fe6   Section        0  mpu6050.o(i.MPU_Set_LPF)
    i.MPU_Set_Rate                           0x08002016   Section        0  mpu6050.o(i.MPU_Set_Rate)
    i.MPU_Write_Byte                         0x08002044   Section        0  mpuiic.o(i.MPU_Write_Byte)
    i.MPU_Write_Len                          0x08002068   Section        0  mpuiic.o(i.MPU_Write_Len)
    i.MX_GPIO_Init                           0x080020a4   Section        0  gpio.o(i.MX_GPIO_Init)
    i.MX_TIM1_Init                           0x0800213c   Section        0  tim.o(i.MX_TIM1_Init)
    i.MX_TIM2_Init                           0x08002260   Section        0  tim.o(i.MX_TIM2_Init)
    i.MX_TIM3_Init                           0x080022d4   Section        0  tim.o(i.MX_TIM3_Init)
    i.MX_USART1_UART_Init                    0x0800234c   Section        0  usart.o(i.MX_USART1_UART_Init)
    i.MemManage_Handler                      0x08002384   Section        0  stm32f1xx_it.o(i.MemManage_Handler)
    i.NMI_Handler                            0x08002386   Section        0  stm32f1xx_it.o(i.NMI_Handler)
    i.PID                                    0x08002388   Section        0  main.o(i.PID)
    i.PID_Speed                              0x0800243c   Section        0  pid.o(i.PID_Speed)
    i.PID_Steering                           0x080024b8   Section        0  pid.o(i.PID_Steering)
    i.PID_Upright                            0x08002514   Section        0  pid.o(i.PID_Upright)
    i.PWM_Amplitude_Limit                    0x08002548   Section        0  my.o(i.PWM_Amplitude_Limit)
    i.PendSV_Handler                         0x08002560   Section        0  stm32f1xx_it.o(i.PendSV_Handler)
    i.Pick_Up_Test                           0x08002564   Section        0  main.o(i.Pick_Up_Test)
    i.SVC_Handler                            0x0800261c   Section        0  stm32f1xx_it.o(i.SVC_Handler)
    i.Set_Motor_PWM                          0x08002620   Section        0  my.o(i.Set_Motor_PWM)
    i.SysTick_Handler                        0x08002674   Section        0  stm32f1xx_it.o(i.SysTick_Handler)
    i.SystemClock_Config                     0x08002678   Section        0  main.o(i.SystemClock_Config)
    i.SystemInit                             0x080026d4   Section        0  system_stm32f1xx.o(i.SystemInit)
    i.TIM1_UP_IRQHandler                     0x080026d8   Section        0  stm32f1xx_it.o(i.TIM1_UP_IRQHandler)
    i.TIM_Base_SetConfig                     0x080026e4   Section        0  stm32f1xx_hal_tim.o(i.TIM_Base_SetConfig)
    i.TIM_CCxChannelCmd                      0x08002740   Section        0  stm32f1xx_hal_tim.o(i.TIM_CCxChannelCmd)
    i.TIM_ETR_SetConfig                      0x0800275a   Section        0  stm32f1xx_hal_tim.o(i.TIM_ETR_SetConfig)
    i.TIM_ITRx_SetConfig                     0x0800276e   Section        0  stm32f1xx_hal_tim.o(i.TIM_ITRx_SetConfig)
    TIM_ITRx_SetConfig                       0x0800276f   Thumb Code    16  stm32f1xx_hal_tim.o(i.TIM_ITRx_SetConfig)
    i.TIM_OC1_SetConfig                      0x08002780   Section        0  stm32f1xx_hal_tim.o(i.TIM_OC1_SetConfig)
    TIM_OC1_SetConfig                        0x08002781   Thumb Code    74  stm32f1xx_hal_tim.o(i.TIM_OC1_SetConfig)
    i.TIM_OC2_SetConfig                      0x080027d0   Section        0  stm32f1xx_hal_tim.o(i.TIM_OC2_SetConfig)
    i.TIM_OC3_SetConfig                      0x08002828   Section        0  stm32f1xx_hal_tim.o(i.TIM_OC3_SetConfig)
    TIM_OC3_SetConfig                        0x08002829   Thumb Code    82  stm32f1xx_hal_tim.o(i.TIM_OC3_SetConfig)
    i.TIM_OC4_SetConfig                      0x08002880   Section        0  stm32f1xx_hal_tim.o(i.TIM_OC4_SetConfig)
    TIM_OC4_SetConfig                        0x08002881   Thumb Code    64  stm32f1xx_hal_tim.o(i.TIM_OC4_SetConfig)
    i.TIM_TI1_ConfigInputStage               0x080028c4   Section        0  stm32f1xx_hal_tim.o(i.TIM_TI1_ConfigInputStage)
    TIM_TI1_ConfigInputStage                 0x080028c5   Thumb Code    34  stm32f1xx_hal_tim.o(i.TIM_TI1_ConfigInputStage)
    i.TIM_TI2_ConfigInputStage               0x080028e6   Section        0  stm32f1xx_hal_tim.o(i.TIM_TI2_ConfigInputStage)
    TIM_TI2_ConfigInputStage                 0x080028e7   Thumb Code    36  stm32f1xx_hal_tim.o(i.TIM_TI2_ConfigInputStage)
    i.UART_SetConfig                         0x0800290c   Section        0  stm32f1xx_hal_uart.o(i.UART_SetConfig)
    UART_SetConfig                           0x0800290d   Thumb Code   178  stm32f1xx_hal_uart.o(i.UART_SetConfig)
    i.UART_WaitOnFlagUntilTimeout            0x080029c4   Section        0  stm32f1xx_hal_uart.o(i.UART_WaitOnFlagUntilTimeout)
    UART_WaitOnFlagUntilTimeout              0x080029c5   Thumb Code   100  stm32f1xx_hal_uart.o(i.UART_WaitOnFlagUntilTimeout)
    i.UsageFault_Handler                     0x08002a28   Section        0  stm32f1xx_it.o(i.UsageFault_Handler)
    i.__0printf                              0x08002a2c   Section        0  printfa.o(i.__0printf)
    i.__ARM_fpclassify                       0x08002a4c   Section        0  fpclassify.o(i.__ARM_fpclassify)
    i.__NVIC_SetPriority                     0x08002a74   Section        0  stm32f1xx_hal_cortex.o(i.__NVIC_SetPriority)
    __NVIC_SetPriority                       0x08002a75   Thumb Code    32  stm32f1xx_hal_cortex.o(i.__NVIC_SetPriority)
    i.__kernel_poly                          0x08002a94   Section        0  poly.o(i.__kernel_poly)
    i.__mathlib_dbl_infnan                   0x08002b3e   Section        0  dunder.o(i.__mathlib_dbl_infnan)
    i.__mathlib_dbl_infnan2                  0x08002b44   Section        0  dunder.o(i.__mathlib_dbl_infnan2)
    i.__mathlib_dbl_invalid                  0x08002b48   Section        0  dunder.o(i.__mathlib_dbl_invalid)
    i.__mathlib_dbl_underflow                0x08002b54   Section        0  dunder.o(i.__mathlib_dbl_underflow)
    i.__scatterload_copy                     0x08002b64   Section       14  handlers.o(i.__scatterload_copy)
    i.__scatterload_null                     0x08002b72   Section        2  handlers.o(i.__scatterload_null)
    i.__scatterload_zeroinit                 0x08002b74   Section       14  handlers.o(i.__scatterload_zeroinit)
    i.__set_errno                            0x08002b84   Section        0  errno.o(i.__set_errno)
    i._fp_digits                             0x08002b90   Section        0  printfa.o(i._fp_digits)
    _fp_digits                               0x08002b91   Thumb Code   334  printfa.o(i._fp_digits)
    i._printf_core                           0x08002cf4   Section        0  printfa.o(i._printf_core)
    _printf_core                             0x08002cf5   Thumb Code  1744  printfa.o(i._printf_core)
    i._printf_post_padding                   0x080033d0   Section        0  printfa.o(i._printf_post_padding)
    _printf_post_padding                     0x080033d1   Thumb Code    36  printfa.o(i._printf_post_padding)
    i._printf_pre_padding                    0x080033f4   Section        0  printfa.o(i._printf_pre_padding)
    _printf_pre_padding                      0x080033f5   Thumb Code    46  printfa.o(i._printf_pre_padding)
    i.accel_self_test                        0x08003424   Section        0  inv_mpu.o(i.accel_self_test)
    accel_self_test                          0x08003425   Thumb Code   114  inv_mpu.o(i.accel_self_test)
    i.asin                                   0x080034a4   Section        0  asin.o(i.asin)
    i.atan                                   0x08003714   Section        0  atan.o(i.atan)
    i.atan2                                  0x08003934   Section        0  atan2.o(i.atan2)
    i.dmp_enable_6x_lp_quat                  0x08003ab4   Section        0  inv_mpu_dmp_motion_driver.o(i.dmp_enable_6x_lp_quat)
    i.dmp_enable_feature                     0x08003af0   Section        0  inv_mpu_dmp_motion_driver.o(i.dmp_enable_feature)
    i.dmp_enable_gyro_cal                    0x08003cc8   Section        0  inv_mpu_dmp_motion_driver.o(i.dmp_enable_gyro_cal)
    i.dmp_enable_lp_quat                     0x08003d04   Section        0  inv_mpu_dmp_motion_driver.o(i.dmp_enable_lp_quat)
    i.dmp_load_motion_driver_firmware        0x08003d40   Section        0  inv_mpu_dmp_motion_driver.o(i.dmp_load_motion_driver_firmware)
    i.dmp_read_fifo                          0x08003d54   Section        0  inv_mpu_dmp_motion_driver.o(i.dmp_read_fifo)
    i.dmp_set_accel_bias                     0x08003e98   Section        0  inv_mpu_dmp_motion_driver.o(i.dmp_set_accel_bias)
    i.dmp_set_fifo_rate                      0x08003f70   Section        0  inv_mpu_dmp_motion_driver.o(i.dmp_set_fifo_rate)
    i.dmp_set_gyro_bias                      0x08003fd4   Section        0  inv_mpu_dmp_motion_driver.o(i.dmp_set_gyro_bias)
    i.dmp_set_orientation                    0x080040a0   Section        0  inv_mpu_dmp_motion_driver.o(i.dmp_set_orientation)
    i.dmp_set_shake_reject_thresh            0x080041ac   Section        0  inv_mpu_dmp_motion_driver.o(i.dmp_set_shake_reject_thresh)
    i.dmp_set_shake_reject_time              0x080041dc   Section        0  inv_mpu_dmp_motion_driver.o(i.dmp_set_shake_reject_time)
    i.dmp_set_shake_reject_timeout           0x080041fc   Section        0  inv_mpu_dmp_motion_driver.o(i.dmp_set_shake_reject_timeout)
    i.dmp_set_tap_axes                       0x0800421c   Section        0  inv_mpu_dmp_motion_driver.o(i.dmp_set_tap_axes)
    i.dmp_set_tap_count                      0x0800425c   Section        0  inv_mpu_dmp_motion_driver.o(i.dmp_set_tap_count)
    i.dmp_set_tap_thresh                     0x08004280   Section        0  inv_mpu_dmp_motion_driver.o(i.dmp_set_tap_thresh)
    i.dmp_set_tap_time                       0x080043a8   Section        0  inv_mpu_dmp_motion_driver.o(i.dmp_set_tap_time)
    i.dmp_set_tap_time_multi                 0x080043c8   Section        0  inv_mpu_dmp_motion_driver.o(i.dmp_set_tap_time_multi)
    i.fputc                                  0x080043e8   Section        0  print.o(i.fputc)
    i.get_accel_prod_shift                   0x08004400   Section        0  inv_mpu.o(i.get_accel_prod_shift)
    get_accel_prod_shift                     0x08004401   Thumb Code   158  inv_mpu.o(i.get_accel_prod_shift)
    i.get_st_biases                          0x080044ac   Section        0  inv_mpu.o(i.get_st_biases)
    get_st_biases                            0x080044ad   Thumb Code   784  inv_mpu.o(i.get_st_biases)
    i.gyro_self_test                         0x080047c0   Section        0  inv_mpu.o(i.gyro_self_test)
    gyro_self_test                           0x080047c1   Thumb Code   190  inv_mpu.o(i.gyro_self_test)
    i.inv_orientation_matrix_to_scalar       0x08004894   Section        0  inv_mpu.o(i.inv_orientation_matrix_to_scalar)
    i.inv_row_2_scale                        0x080048b6   Section        0  inv_mpu.o(i.inv_row_2_scale)
    i.main                                   0x08004900   Section        0  main.o(i.main)
    i.mget_ms                                0x0800496c   Section        0  inv_mpu.o(i.mget_ms)
    i.mpu_configure_fifo                     0x08004970   Section        0  inv_mpu.o(i.mpu_configure_fifo)
    i.mpu_dmp_get_data                       0x080049c4   Section        0  inv_mpu.o(i.mpu_dmp_get_data)
    i.mpu_dmp_init                           0x08004b60   Section        0  inv_mpu.o(i.mpu_dmp_init)
    i.mpu_get_accel_fsr                      0x08004bf8   Section        0  inv_mpu.o(i.mpu_get_accel_fsr)
    i.mpu_get_accel_sens                     0x08004c34   Section        0  inv_mpu.o(i.mpu_get_accel_sens)
    i.mpu_get_gyro_fsr                       0x08004c78   Section        0  inv_mpu.o(i.mpu_get_gyro_fsr)
    i.mpu_get_gyro_sens                      0x08004cac   Section        0  inv_mpu.o(i.mpu_get_gyro_sens)
    i.mpu_get_lpf                            0x08004cec   Section        0  inv_mpu.o(i.mpu_get_lpf)
    i.mpu_get_sample_rate                    0x08004d24   Section        0  inv_mpu.o(i.mpu_get_sample_rate)
    i.mpu_init                               0x08004d40   Section        0  inv_mpu.o(i.mpu_init)
    i.mpu_load_firmware                      0x08004e98   Section        0  inv_mpu.o(i.mpu_load_firmware)
    i.mpu_lp_accel_mode                      0x08004f38   Section        0  inv_mpu.o(i.mpu_lp_accel_mode)
    i.mpu_read_fifo_stream                   0x08004ff0   Section        0  inv_mpu.o(i.mpu_read_fifo_stream)
    i.mpu_read_mem                           0x08005080   Section        0  inv_mpu.o(i.mpu_read_mem)
    i.mpu_reset_fifo                         0x080050d4   Section        0  inv_mpu.o(i.mpu_reset_fifo)
    i.mpu_run_self_test                      0x08005234   Section        0  inv_mpu.o(i.mpu_run_self_test)
    i.mpu_set_accel_fsr                      0x08005324   Section        0  inv_mpu.o(i.mpu_set_accel_fsr)
    i.mpu_set_bypass                         0x0800538c   Section        0  inv_mpu.o(i.mpu_set_bypass)
    i.mpu_set_dmp_state                      0x08005468   Section        0  inv_mpu.o(i.mpu_set_dmp_state)
    i.mpu_set_gyro_fsr                       0x080054e0   Section        0  inv_mpu.o(i.mpu_set_gyro_fsr)
    i.mpu_set_int_latched                    0x0800554c   Section        0  inv_mpu.o(i.mpu_set_int_latched)
    i.mpu_set_lpf                            0x080055b0   Section        0  inv_mpu.o(i.mpu_set_lpf)
    i.mpu_set_sample_rate                    0x0800561c   Section        0  inv_mpu.o(i.mpu_set_sample_rate)
    i.mpu_set_sensors                        0x0800569c   Section        0  inv_mpu.o(i.mpu_set_sensors)
    i.mpu_write_mem                          0x08005754   Section        0  inv_mpu.o(i.mpu_write_mem)
    i.run_self_test                          0x080057a8   Section        0  inv_mpu.o(i.run_self_test)
    i.set_int_enable                         0x08005828   Section        0  inv_mpu.o(i.set_int_enable)
    set_int_enable                           0x08005829   Thumb Code    84  inv_mpu.o(i.set_int_enable)
    i.sqrt                                   0x08005880   Section        0  sqrt.o(i.sqrt)
    .constdata                               0x080058cc   Section       16  system_stm32f1xx.o(.constdata)
    .constdata                               0x080058dc   Section        8  system_stm32f1xx.o(.constdata)
    .constdata                               0x080058e4   Section       27  inv_mpu.o(.constdata)
    .constdata                               0x08005900   Section       12  inv_mpu.o(.constdata)
    .constdata                               0x0800590c   Section       40  inv_mpu.o(.constdata)
    .constdata                               0x08005934   Section     3062  inv_mpu_dmp_motion_driver.o(.constdata)
    dmp_memory                               0x08005934   Data        3062  inv_mpu_dmp_motion_driver.o(.constdata)
    .constdata                               0x08006530   Section       80  asin.o(.constdata)
    pS                                       0x08006530   Data          48  asin.o(.constdata)
    qS                                       0x08006560   Data          32  asin.o(.constdata)
    .constdata                               0x08006580   Section      152  atan.o(.constdata)
    atanhi                                   0x08006580   Data          32  atan.o(.constdata)
    atanlo                                   0x080065a0   Data          32  atan.o(.constdata)
    aTodd                                    0x080065c0   Data          40  atan.o(.constdata)
    aTeven                                   0x080065e8   Data          48  atan.o(.constdata)
    .constdata                               0x08006618   Section        8  qnan.o(.constdata)
    .conststring                             0x08006620   Section       77  inv_mpu.o(.conststring)
    .data                                    0x20000000   Section       48  main.o(.data)
    .data                                    0x20000030   Section       12  stm32f1xx_hal.o(.data)
    .data                                    0x2000003c   Section        4  system_stm32f1xx.o(.data)
    .data                                    0x20000040   Section       53  inv_mpu.o(.data)
    st                                       0x20000040   Data          44  inv_mpu.o(.data)
    gyro_orientation                         0x2000006c   Data           9  inv_mpu.o(.data)
    .data                                    0x20000078   Section       36  pid.o(.data)
    gyro_Last                                0x20000090   Data           4  pid.o(.data)
    .data                                    0x2000009c   Section        4  stdout.o(.data)
    .data                                    0x200000a0   Section        4  errno.o(.data)
    _errno                                   0x200000a0   Data           4  errno.o(.data)
    .bss                                     0x200000a4   Section      216  tim.o(.bss)
    .bss                                     0x2000017c   Section       68  usart.o(.bss)
    .bss                                     0x200001c0   Section       16  inv_mpu_dmp_motion_driver.o(.bss)
    dmp                                      0x200001c0   Data          16  inv_mpu_dmp_motion_driver.o(.bss)
    STACK                                    0x200001d0   Section     1024  startup_stm32f103x6.o(STACK)

    Global Symbols

    Symbol Name                              Value     Ov Type        Size  Object(Section)

    BuildAttributes$$THM_ISAv4$P$D$K$B$S$PE$A:L22UL41UL21$X:L11$S22US41US21$IEEE1$IW$USESV6$~STKCKD$USESV7$~SHL$OTIME$ROPI$IEEEX$EBA8$MICROLIB$REQ8$PRES8$EABIv2 0x00000000   Number         0  anon$$obj.o ABSOLUTE
    __ARM_use_no_argv                        0x00000000   Number         0  main.o ABSOLUTE
    _printf_a                                0x00000000   Number         0  stubs.o ABSOLUTE
    _printf_c                                0x00000000   Number         0  stubs.o ABSOLUTE
    _printf_charcount                        0x00000000   Number         0  stubs.o ABSOLUTE
    _printf_d                                0x00000000   Number         0  stubs.o ABSOLUTE
    _printf_e                                0x00000000   Number         0  stubs.o ABSOLUTE
    _printf_f                                0x00000000   Number         0  stubs.o ABSOLUTE
    _printf_flags                            0x00000000   Number         0  stubs.o ABSOLUTE
    _printf_fp_dec                           0x00000000   Number         0  stubs.o ABSOLUTE
    _printf_fp_hex                           0x00000000   Number         0  stubs.o ABSOLUTE
    _printf_g                                0x00000000   Number         0  stubs.o ABSOLUTE
    _printf_i                                0x00000000   Number         0  stubs.o ABSOLUTE
    _printf_int_dec                          0x00000000   Number         0  stubs.o ABSOLUTE
    _printf_l                                0x00000000   Number         0  stubs.o ABSOLUTE
    _printf_lc                               0x00000000   Number         0  stubs.o ABSOLUTE
    _printf_ll                               0x00000000   Number         0  stubs.o ABSOLUTE
    _printf_lld                              0x00000000   Number         0  stubs.o ABSOLUTE
    _printf_lli                              0x00000000   Number         0  stubs.o ABSOLUTE
    _printf_llo                              0x00000000   Number         0  stubs.o ABSOLUTE
    _printf_llu                              0x00000000   Number         0  stubs.o ABSOLUTE
    _printf_llx                              0x00000000   Number         0  stubs.o ABSOLUTE
    _printf_longlong_dec                     0x00000000   Number         0  stubs.o ABSOLUTE
    _printf_longlong_hex                     0x00000000   Number         0  stubs.o ABSOLUTE
    _printf_longlong_oct                     0x00000000   Number         0  stubs.o ABSOLUTE
    _printf_ls                               0x00000000   Number         0  stubs.o ABSOLUTE
    _printf_mbtowc                           0x00000000   Number         0  stubs.o ABSOLUTE
    _printf_n                                0x00000000   Number         0  stubs.o ABSOLUTE
    _printf_o                                0x00000000   Number         0  stubs.o ABSOLUTE
    _printf_p                                0x00000000   Number         0  stubs.o ABSOLUTE
    _printf_percent                          0x00000000   Number         0  stubs.o ABSOLUTE
    _printf_pre_padding                      0x00000000   Number         0  stubs.o ABSOLUTE
    _printf_return_value                     0x00000000   Number         0  stubs.o ABSOLUTE
    _printf_s                                0x00000000   Number         0  stubs.o ABSOLUTE
    _printf_sizespec                         0x00000000   Number         0  stubs.o ABSOLUTE
    _printf_str                              0x00000000   Number         0  stubs.o ABSOLUTE
    _printf_truncate_signed                  0x00000000   Number         0  stubs.o ABSOLUTE
    _printf_truncate_unsigned                0x00000000   Number         0  stubs.o ABSOLUTE
    _printf_u                                0x00000000   Number         0  stubs.o ABSOLUTE
    _printf_wc                               0x00000000   Number         0  stubs.o ABSOLUTE
    _printf_wctomb                           0x00000000   Number         0  stubs.o ABSOLUTE
    _printf_widthprec                        0x00000000   Number         0  stubs.o ABSOLUTE
    _printf_x                                0x00000000   Number         0  stubs.o ABSOLUTE
    __cpp_initialize__aeabi_                  - Undefined Weak Reference
    __cxa_finalize                            - Undefined Weak Reference
    __decompress                              - Undefined Weak Reference
    _clock_init                               - Undefined Weak Reference
    _microlib_exit                            - Undefined Weak Reference
    __Vectors_Size                           0x000000ec   Number         0  startup_stm32f103x6.o ABSOLUTE
    __Vectors                                0x08000000   Data           4  startup_stm32f103x6.o(RESET)
    __Vectors_End                            0x080000ec   Data           0  startup_stm32f103x6.o(RESET)
    __main                                   0x080000ed   Thumb Code     0  entry.o(.ARM.Collect$$$$00000000)
    _main_stk                                0x080000ed   Thumb Code     0  entry2.o(.ARM.Collect$$$$00000001)
    _main_scatterload                        0x080000f1   Thumb Code     0  entry5.o(.ARM.Collect$$$$00000004)
    __main_after_scatterload                 0x080000f5   Thumb Code     0  entry5.o(.ARM.Collect$$$$00000004)
    _main_clock                              0x080000f5   Thumb Code     0  entry7b.o(.ARM.Collect$$$$00000008)
    _main_cpp_init                           0x080000f5   Thumb Code     0  entry8b.o(.ARM.Collect$$$$0000000A)
    _main_init                               0x080000f5   Thumb Code     0  entry9a.o(.ARM.Collect$$$$0000000B)
    __rt_final_cpp                           0x080000fd   Thumb Code     0  entry10a.o(.ARM.Collect$$$$0000000D)
    __rt_final_exit                          0x080000fd   Thumb Code     0  entry11a.o(.ARM.Collect$$$$0000000F)
    Reset_Handler                            0x08000101   Thumb Code     8  startup_stm32f103x6.o(.text)
    ADC1_2_IRQHandler                        0x0800011b   Thumb Code     0  startup_stm32f103x6.o(.text)
    CAN1_RX1_IRQHandler                      0x0800011b   Thumb Code     0  startup_stm32f103x6.o(.text)
    CAN1_SCE_IRQHandler                      0x0800011b   Thumb Code     0  startup_stm32f103x6.o(.text)
    DMA1_Channel1_IRQHandler                 0x0800011b   Thumb Code     0  startup_stm32f103x6.o(.text)
    DMA1_Channel2_IRQHandler                 0x0800011b   Thumb Code     0  startup_stm32f103x6.o(.text)
    DMA1_Channel3_IRQHandler                 0x0800011b   Thumb Code     0  startup_stm32f103x6.o(.text)
    DMA1_Channel4_IRQHandler                 0x0800011b   Thumb Code     0  startup_stm32f103x6.o(.text)
    DMA1_Channel5_IRQHandler                 0x0800011b   Thumb Code     0  startup_stm32f103x6.o(.text)
    DMA1_Channel6_IRQHandler                 0x0800011b   Thumb Code     0  startup_stm32f103x6.o(.text)
    DMA1_Channel7_IRQHandler                 0x0800011b   Thumb Code     0  startup_stm32f103x6.o(.text)
    EXTI0_IRQHandler                         0x0800011b   Thumb Code     0  startup_stm32f103x6.o(.text)
    EXTI15_10_IRQHandler                     0x0800011b   Thumb Code     0  startup_stm32f103x6.o(.text)
    EXTI1_IRQHandler                         0x0800011b   Thumb Code     0  startup_stm32f103x6.o(.text)
    EXTI2_IRQHandler                         0x0800011b   Thumb Code     0  startup_stm32f103x6.o(.text)
    EXTI3_IRQHandler                         0x0800011b   Thumb Code     0  startup_stm32f103x6.o(.text)
    EXTI4_IRQHandler                         0x0800011b   Thumb Code     0  startup_stm32f103x6.o(.text)
    EXTI9_5_IRQHandler                       0x0800011b   Thumb Code     0  startup_stm32f103x6.o(.text)
    FLASH_IRQHandler                         0x0800011b   Thumb Code     0  startup_stm32f103x6.o(.text)
    I2C1_ER_IRQHandler                       0x0800011b   Thumb Code     0  startup_stm32f103x6.o(.text)
    I2C1_EV_IRQHandler                       0x0800011b   Thumb Code     0  startup_stm32f103x6.o(.text)
    PVD_IRQHandler                           0x0800011b   Thumb Code     0  startup_stm32f103x6.o(.text)
    RCC_IRQHandler                           0x0800011b   Thumb Code     0  startup_stm32f103x6.o(.text)
    RTC_Alarm_IRQHandler                     0x0800011b   Thumb Code     0  startup_stm32f103x6.o(.text)
    RTC_IRQHandler                           0x0800011b   Thumb Code     0  startup_stm32f103x6.o(.text)
    SPI1_IRQHandler                          0x0800011b   Thumb Code     0  startup_stm32f103x6.o(.text)
    TAMPER_IRQHandler                        0x0800011b   Thumb Code     0  startup_stm32f103x6.o(.text)
    TIM1_BRK_IRQHandler                      0x0800011b   Thumb Code     0  startup_stm32f103x6.o(.text)
    TIM1_CC_IRQHandler                       0x0800011b   Thumb Code     0  startup_stm32f103x6.o(.text)
    TIM1_TRG_COM_IRQHandler                  0x0800011b   Thumb Code     0  startup_stm32f103x6.o(.text)
    TIM2_IRQHandler                          0x0800011b   Thumb Code     0  startup_stm32f103x6.o(.text)
    TIM3_IRQHandler                          0x0800011b   Thumb Code     0  startup_stm32f103x6.o(.text)
    USART1_IRQHandler                        0x0800011b   Thumb Code     0  startup_stm32f103x6.o(.text)
    USART2_IRQHandler                        0x0800011b   Thumb Code     0  startup_stm32f103x6.o(.text)
    USBWakeUp_IRQHandler                     0x0800011b   Thumb Code     0  startup_stm32f103x6.o(.text)
    USB_HP_CAN1_TX_IRQHandler                0x0800011b   Thumb Code     0  startup_stm32f103x6.o(.text)
    USB_LP_CAN1_RX0_IRQHandler               0x0800011b   Thumb Code     0  startup_stm32f103x6.o(.text)
    WWDG_IRQHandler                          0x0800011b   Thumb Code     0  startup_stm32f103x6.o(.text)
    __aeabi_ldivmod                          0x08000125   Thumb Code    98  ldiv.o(.text)
    __aeabi_llsr                             0x08000187   Thumb Code    32  llushr.o(.text)
    _ll_ushift_r                             0x08000187   Thumb Code     0  llushr.o(.text)
    __aeabi_memset                           0x080001a7   Thumb Code    14  memseta.o(.text)
    __aeabi_memset4                          0x080001a7   Thumb Code     0  memseta.o(.text)
    __aeabi_memset8                          0x080001a7   Thumb Code     0  memseta.o(.text)
    __aeabi_memclr                           0x080001b5   Thumb Code     4  memseta.o(.text)
    __aeabi_memclr4                          0x080001b5   Thumb Code     0  memseta.o(.text)
    __aeabi_memclr8                          0x080001b5   Thumb Code     0  memseta.o(.text)
    _memset$wrapper                          0x080001b9   Thumb Code    18  memseta.o(.text)
    memcmp                                   0x080001cb   Thumb Code    26  memcmp.o(.text)
    __aeabi_fadd                             0x080001e5   Thumb Code   164  fadd.o(.text)
    __aeabi_fsub                             0x08000289   Thumb Code     6  fadd.o(.text)
    __aeabi_frsub                            0x0800028f   Thumb Code     6  fadd.o(.text)
    __aeabi_fmul                             0x08000295   Thumb Code   100  fmul.o(.text)
    __aeabi_fdiv                             0x080002f9   Thumb Code   124  fdiv.o(.text)
    __ARM_scalbnf                            0x08000375   Thumb Code    24  fscalb.o(.text)
    scalbnf                                  0x08000375   Thumb Code     0  fscalb.o(.text)
    __aeabi_dadd                             0x0800038d   Thumb Code   322  dadd.o(.text)
    __aeabi_dsub                             0x080004cf   Thumb Code     6  dadd.o(.text)
    __aeabi_drsub                            0x080004d5   Thumb Code     6  dadd.o(.text)
    __aeabi_dmul                             0x080004db   Thumb Code   228  dmul.o(.text)
    __aeabi_ddiv                             0x080005bf   Thumb Code   222  ddiv.o(.text)
    __aeabi_i2f                              0x0800069d   Thumb Code    18  fflti.o(.text)
    __aeabi_ui2f                             0x080006af   Thumb Code    10  ffltui.o(.text)
    __aeabi_f2iz                             0x080006b9   Thumb Code    50  ffixi.o(.text)
    __aeabi_f2uiz                            0x080006eb   Thumb Code    40  ffixui.o(.text)
    __aeabi_f2d                              0x08000713   Thumb Code    38  f2d.o(.text)
    __aeabi_d2f                              0x08000739   Thumb Code    56  d2f.o(.text)
    __aeabi_uidiv                            0x08000771   Thumb Code     0  uidiv.o(.text)
    __aeabi_uidivmod                         0x08000771   Thumb Code    44  uidiv.o(.text)
    __aeabi_uldivmod                         0x0800079d   Thumb Code    98  uldiv.o(.text)
    __aeabi_llsl                             0x080007ff   Thumb Code    30  llshl.o(.text)
    _ll_shift_l                              0x080007ff   Thumb Code     0  llshl.o(.text)
    __aeabi_lasr                             0x0800081d   Thumb Code    36  llsshr.o(.text)
    _ll_sshift_r                             0x0800081d   Thumb Code     0  llsshr.o(.text)
    __I$use$fp                               0x08000841   Thumb Code     0  iusefp.o(.text)
    _float_round                             0x08000841   Thumb Code    18  fepilogue.o(.text)
    _float_epilogue                          0x08000853   Thumb Code    92  fepilogue.o(.text)
    _double_round                            0x080008af   Thumb Code    30  depilogue.o(.text)
    _double_epilogue                         0x080008cd   Thumb Code   156  depilogue.o(.text)
    __ARM_scalbn                             0x08000969   Thumb Code    46  dscalb.o(.text)
    scalbn                                   0x08000969   Thumb Code     0  dscalb.o(.text)
    __aeabi_d2ulz                            0x08000997   Thumb Code    48  dfixul.o(.text)
    __aeabi_cdrcmple                         0x080009c9   Thumb Code    48  cdrcmple.o(.text)
    __scatterload                            0x080009f9   Thumb Code    28  init.o(.text)
    __scatterload_rt2                        0x080009f9   Thumb Code     0  init.o(.text)
    _dsqrt                                   0x08000a1d   Thumb Code   162  dsqrt.o(.text)
    BusFault_Handler                         0x08000abf   Thumb Code     2  stm32f1xx_it.o(i.BusFault_Handler)
    DebugMon_Handler                         0x08000ac1   Thumb Code     2  stm32f1xx_it.o(i.DebugMon_Handler)
    Error_Handler                            0x08000ac3   Thumb Code     4  main.o(i.Error_Handler)
    Get_Speed                                0x08000ac9   Thumb Code    34  my.o(i.Get_Speed)
    HAL_Delay                                0x08000af5   Thumb Code    32  stm32f1xx_hal.o(i.HAL_Delay)
    HAL_GPIO_Init                            0x08000b19   Thumb Code   418  stm32f1xx_hal_gpio.o(i.HAL_GPIO_Init)
    HAL_GPIO_ReadPin                         0x08000cd9   Thumb Code    10  stm32f1xx_hal_gpio.o(i.HAL_GPIO_ReadPin)
    HAL_GPIO_WritePin                        0x08000ce3   Thumb Code    10  stm32f1xx_hal_gpio.o(i.HAL_GPIO_WritePin)
    HAL_GetTick                              0x08000ced   Thumb Code     6  stm32f1xx_hal.o(i.HAL_GetTick)
    HAL_IncTick                              0x08000cf9   Thumb Code    12  stm32f1xx_hal.o(i.HAL_IncTick)
    HAL_Init                                 0x08000d09   Thumb Code    32  stm32f1xx_hal.o(i.HAL_Init)
    HAL_InitTick                             0x08000d2d   Thumb Code    54  stm32f1xx_hal.o(i.HAL_InitTick)
    HAL_MspInit                              0x08000d6d   Thumb Code    52  stm32f1xx_hal_msp.o(i.HAL_MspInit)
    HAL_NVIC_EnableIRQ                       0x08000da9   Thumb Code    26  stm32f1xx_hal_cortex.o(i.HAL_NVIC_EnableIRQ)
    HAL_NVIC_SetPriority                     0x08000dc5   Thumb Code    60  stm32f1xx_hal_cortex.o(i.HAL_NVIC_SetPriority)
    HAL_NVIC_SetPriorityGrouping             0x08000e05   Thumb Code    26  stm32f1xx_hal_cortex.o(i.HAL_NVIC_SetPriorityGrouping)
    HAL_RCC_ClockConfig                      0x08000e29   Thumb Code   280  stm32f1xx_hal_rcc.o(i.HAL_RCC_ClockConfig)
    HAL_RCC_GetPCLK1Freq                     0x08000f55   Thumb Code    20  stm32f1xx_hal_rcc.o(i.HAL_RCC_GetPCLK1Freq)
    HAL_RCC_GetPCLK2Freq                     0x08000f75   Thumb Code    20  stm32f1xx_hal_rcc.o(i.HAL_RCC_GetPCLK2Freq)
    HAL_RCC_GetSysClockFreq                  0x08000f95   Thumb Code    80  stm32f1xx_hal_rcc.o(i.HAL_RCC_GetSysClockFreq)
    HAL_RCC_OscConfig                        0x08001009   Thumb Code   778  stm32f1xx_hal_rcc.o(i.HAL_RCC_OscConfig)
    HAL_SYSTICK_Config                       0x08001329   Thumb Code    40  stm32f1xx_hal_cortex.o(i.HAL_SYSTICK_Config)
    HAL_TIMEx_BreakCallback                  0x08001351   Thumb Code     2  stm32f1xx_hal_tim_ex.o(i.HAL_TIMEx_BreakCallback)
    HAL_TIMEx_CommutCallback                 0x08001353   Thumb Code     2  stm32f1xx_hal_tim_ex.o(i.HAL_TIMEx_CommutCallback)
    HAL_TIMEx_ConfigBreakDeadTime            0x08001355   Thumb Code    84  stm32f1xx_hal_tim_ex.o(i.HAL_TIMEx_ConfigBreakDeadTime)
    HAL_TIMEx_MasterConfigSynchronization    0x080013a9   Thumb Code    86  stm32f1xx_hal_tim_ex.o(i.HAL_TIMEx_MasterConfigSynchronization)
    HAL_TIM_Base_Init                        0x08001409   Thumb Code    90  stm32f1xx_hal_tim.o(i.HAL_TIM_Base_Init)
    HAL_TIM_Base_MspInit                     0x08001465   Thumb Code    50  tim.o(i.HAL_TIM_Base_MspInit)
    HAL_TIM_Base_Start                       0x080014a1   Thumb Code    60  stm32f1xx_hal_tim.o(i.HAL_TIM_Base_Start)
    HAL_TIM_Base_Start_IT                    0x080014e5   Thumb Code    70  stm32f1xx_hal_tim.o(i.HAL_TIM_Base_Start_IT)
    HAL_TIM_ConfigClockSource                0x08001535   Thumb Code   214  stm32f1xx_hal_tim.o(i.HAL_TIM_ConfigClockSource)
    HAL_TIM_Encoder_Init                     0x0800160b   Thumb Code   164  stm32f1xx_hal_tim.o(i.HAL_TIM_Encoder_Init)
    HAL_TIM_Encoder_MspInit                  0x080016b1   Thumb Code   114  tim.o(i.HAL_TIM_Encoder_MspInit)
    HAL_TIM_Encoder_Start                    0x08001731   Thumb Code   142  stm32f1xx_hal_tim.o(i.HAL_TIM_Encoder_Start)
    HAL_TIM_IC_CaptureCallback               0x080017bf   Thumb Code     2  stm32f1xx_hal_tim.o(i.HAL_TIM_IC_CaptureCallback)
    HAL_TIM_IRQHandler                       0x080017c1   Thumb Code   358  stm32f1xx_hal_tim.o(i.HAL_TIM_IRQHandler)
    HAL_TIM_MspPostInit                      0x08001929   Thumb Code    64  tim.o(i.HAL_TIM_MspPostInit)
    HAL_TIM_OC_DelayElapsedCallback          0x08001975   Thumb Code     2  stm32f1xx_hal_tim.o(i.HAL_TIM_OC_DelayElapsedCallback)
    HAL_TIM_PWM_ConfigChannel                0x08001977   Thumb Code   198  stm32f1xx_hal_tim.o(i.HAL_TIM_PWM_ConfigChannel)
    HAL_TIM_PWM_Init                         0x08001a3d   Thumb Code    90  stm32f1xx_hal_tim.o(i.HAL_TIM_PWM_Init)
    HAL_TIM_PWM_MspInit                      0x08001a97   Thumb Code     2  stm32f1xx_hal_tim.o(i.HAL_TIM_PWM_MspInit)
    HAL_TIM_PWM_PulseFinishedCallback        0x08001a99   Thumb Code     2  stm32f1xx_hal_tim.o(i.HAL_TIM_PWM_PulseFinishedCallback)
    HAL_TIM_PWM_Start                        0x08001a9d   Thumb Code   138  stm32f1xx_hal_tim.o(i.HAL_TIM_PWM_Start)
    HAL_TIM_PeriodElapsedCallback            0x08001b31   Thumb Code    12  main.o(i.HAL_TIM_PeriodElapsedCallback)
    HAL_TIM_TriggerCallback                  0x08001b41   Thumb Code     2  stm32f1xx_hal_tim.o(i.HAL_TIM_TriggerCallback)
    HAL_UART_Init                            0x08001b43   Thumb Code    98  stm32f1xx_hal_uart.o(i.HAL_UART_Init)
    HAL_UART_MspInit                         0x08001ba5   Thumb Code   112  usart.o(i.HAL_UART_MspInit)
    HAL_UART_Transmit                        0x08001c25   Thumb Code   178  stm32f1xx_hal_uart.o(i.HAL_UART_Transmit)
    HardFault_Handler                        0x08001cd7   Thumb Code     2  stm32f1xx_it.o(i.HardFault_Handler)
    I2C_Delay                                0x08001cd9   Thumb Code     8  mpuiic.o(i.I2C_Delay)
    I2C_End                                  0x08001ce1   Thumb Code    50  mpuiic.o(i.I2C_End)
    I2C_ReadByte                             0x08001d19   Thumb Code    92  mpuiic.o(i.I2C_ReadByte)
    I2C_SendByte                             0x08001d79   Thumb Code    80  mpuiic.o(i.I2C_SendByte)
    I2C_Start                                0x08001dcd   Thumb Code    60  mpuiic.o(i.I2C_Start)
    IIC_Get_ACK                              0x08001e0d   Thumb Code    60  mpuiic.o(i.IIC_Get_ACK)
    IIC_Send_ACK                             0x08001e4d   Thumb Code    58  mpuiic.o(i.IIC_Send_ACK)
    Init                                     0x08001e8d   Thumb Code    32  my.o(i.Init)
    MPU_Get_Gyroscope                        0x08001eb1   Thumb Code    50  mpu6050.o(i.MPU_Get_Gyroscope)
    MPU_Init                                 0x08001ee3   Thumb Code   106  mpu6050.o(i.MPU_Init)
    MPU_Read_Byte                            0x08001f4d   Thumb Code    46  mpuiic.o(i.MPU_Read_Byte)
    MPU_Read_Len                             0x08001f7d   Thumb Code    86  mpuiic.o(i.MPU_Read_Len)
    MPU_Set_Accel_Fsr                        0x08001fd3   Thumb Code    10  mpu6050.o(i.MPU_Set_Accel_Fsr)
    MPU_Set_Gyro_Fsr                         0x08001fdd   Thumb Code    10  mpu6050.o(i.MPU_Set_Gyro_Fsr)
    MPU_Set_LPF                              0x08001fe7   Thumb Code    48  mpu6050.o(i.MPU_Set_LPF)
    MPU_Set_Rate                             0x08002017   Thumb Code    46  mpu6050.o(i.MPU_Set_Rate)
    MPU_Write_Byte                           0x08002045   Thumb Code    36  mpuiic.o(i.MPU_Write_Byte)
    MPU_Write_Len                            0x08002069   Thumb Code    58  mpuiic.o(i.MPU_Write_Len)
    MX_GPIO_Init                             0x080020a5   Thumb Code   140  gpio.o(i.MX_GPIO_Init)
    MX_TIM1_Init                             0x0800213d   Thumb Code   284  tim.o(i.MX_TIM1_Init)
    MX_TIM2_Init                             0x08002261   Thumb Code   112  tim.o(i.MX_TIM2_Init)
    MX_TIM3_Init                             0x080022d5   Thumb Code   110  tim.o(i.MX_TIM3_Init)
    MX_USART1_UART_Init                      0x0800234d   Thumb Code    48  usart.o(i.MX_USART1_UART_Init)
    MemManage_Handler                        0x08002385   Thumb Code     2  stm32f1xx_it.o(i.MemManage_Handler)
    NMI_Handler                              0x08002387   Thumb Code     2  stm32f1xx_it.o(i.NMI_Handler)
    PID                                      0x08002389   Thumb Code   170  main.o(i.PID)
    PID_Speed                                0x0800243d   Thumb Code   112  pid.o(i.PID_Speed)
    PID_Steering                             0x080024b9   Thumb Code    78  pid.o(i.PID_Steering)
    PID_Upright                              0x08002515   Thumb Code    48  pid.o(i.PID_Upright)
    PWM_Amplitude_Limit                      0x08002549   Thumb Code    24  my.o(i.PWM_Amplitude_Limit)
    PendSV_Handler                           0x08002561   Thumb Code     2  stm32f1xx_it.o(i.PendSV_Handler)
    Pick_Up_Test                             0x08002565   Thumb Code   160  main.o(i.Pick_Up_Test)
    SVC_Handler                              0x0800261d   Thumb Code     2  stm32f1xx_it.o(i.SVC_Handler)
    Set_Motor_PWM                            0x08002621   Thumb Code    80  my.o(i.Set_Motor_PWM)
    SysTick_Handler                          0x08002675   Thumb Code     4  stm32f1xx_it.o(i.SysTick_Handler)
    SystemClock_Config                       0x08002679   Thumb Code    92  main.o(i.SystemClock_Config)
    SystemInit                               0x080026d5   Thumb Code     2  system_stm32f1xx.o(i.SystemInit)
    TIM1_UP_IRQHandler                       0x080026d9   Thumb Code     6  stm32f1xx_it.o(i.TIM1_UP_IRQHandler)
    TIM_Base_SetConfig                       0x080026e5   Thumb Code    84  stm32f1xx_hal_tim.o(i.TIM_Base_SetConfig)
    TIM_CCxChannelCmd                        0x08002741   Thumb Code    26  stm32f1xx_hal_tim.o(i.TIM_CCxChannelCmd)
    TIM_ETR_SetConfig                        0x0800275b   Thumb Code    20  stm32f1xx_hal_tim.o(i.TIM_ETR_SetConfig)
    TIM_OC2_SetConfig                        0x080027d1   Thumb Code    84  stm32f1xx_hal_tim.o(i.TIM_OC2_SetConfig)
    UsageFault_Handler                       0x08002a29   Thumb Code     2  stm32f1xx_it.o(i.UsageFault_Handler)
    __0printf                                0x08002a2d   Thumb Code    22  printfa.o(i.__0printf)
    __1printf                                0x08002a2d   Thumb Code     0  printfa.o(i.__0printf)
    __2printf                                0x08002a2d   Thumb Code     0  printfa.o(i.__0printf)
    __c89printf                              0x08002a2d   Thumb Code     0  printfa.o(i.__0printf)
    printf                                   0x08002a2d   Thumb Code     0  printfa.o(i.__0printf)
    __ARM_fpclassify                         0x08002a4d   Thumb Code    40  fpclassify.o(i.__ARM_fpclassify)
    __kernel_poly                            0x08002a95   Thumb Code   170  poly.o(i.__kernel_poly)
    __mathlib_dbl_infnan                     0x08002b3f   Thumb Code     6  dunder.o(i.__mathlib_dbl_infnan)
    __mathlib_dbl_infnan2                    0x08002b45   Thumb Code     4  dunder.o(i.__mathlib_dbl_infnan2)
    __mathlib_dbl_invalid                    0x08002b49   Thumb Code    12  dunder.o(i.__mathlib_dbl_invalid)
    __mathlib_dbl_underflow                  0x08002b55   Thumb Code    10  dunder.o(i.__mathlib_dbl_underflow)
    __scatterload_copy                       0x08002b65   Thumb Code    14  handlers.o(i.__scatterload_copy)
    __scatterload_null                       0x08002b73   Thumb Code     2  handlers.o(i.__scatterload_null)
    __scatterload_zeroinit                   0x08002b75   Thumb Code    14  handlers.o(i.__scatterload_zeroinit)
    __set_errno                              0x08002b85   Thumb Code     6  errno.o(i.__set_errno)
    asin                                     0x080034a5   Thumb Code   572  asin.o(i.asin)
    atan                                     0x08003715   Thumb Code   474  atan.o(i.atan)
    atan2                                    0x08003935   Thumb Code   346  atan2.o(i.atan2)
    dmp_enable_6x_lp_quat                    0x08003ab5   Thumb Code    58  inv_mpu_dmp_motion_driver.o(i.dmp_enable_6x_lp_quat)
    dmp_enable_feature                       0x08003af1   Thumb Code   464  inv_mpu_dmp_motion_driver.o(i.dmp_enable_feature)
    dmp_enable_gyro_cal                      0x08003cc9   Thumb Code    34  inv_mpu_dmp_motion_driver.o(i.dmp_enable_gyro_cal)
    dmp_enable_lp_quat                       0x08003d05   Thumb Code    58  inv_mpu_dmp_motion_driver.o(i.dmp_enable_lp_quat)
    dmp_load_motion_driver_firmware          0x08003d41   Thumb Code    16  inv_mpu_dmp_motion_driver.o(i.dmp_load_motion_driver_firmware)
    dmp_read_fifo                            0x08003d55   Thumb Code   320  inv_mpu_dmp_motion_driver.o(i.dmp_read_fifo)
    dmp_set_accel_bias                       0x08003e99   Thumb Code   210  inv_mpu_dmp_motion_driver.o(i.dmp_set_accel_bias)
    dmp_set_fifo_rate                        0x08003f71   Thumb Code    82  inv_mpu_dmp_motion_driver.o(i.dmp_set_fifo_rate)
    dmp_set_gyro_bias                        0x08003fd5   Thumb Code   196  inv_mpu_dmp_motion_driver.o(i.dmp_set_gyro_bias)
    dmp_set_orientation                      0x080040a1   Thumb Code   246  inv_mpu_dmp_motion_driver.o(i.dmp_set_orientation)
    dmp_set_shake_reject_thresh              0x080041ad   Thumb Code    48  inv_mpu_dmp_motion_driver.o(i.dmp_set_shake_reject_thresh)
    dmp_set_shake_reject_time                0x080041dd   Thumb Code    32  inv_mpu_dmp_motion_driver.o(i.dmp_set_shake_reject_time)
    dmp_set_shake_reject_timeout             0x080041fd   Thumb Code    32  inv_mpu_dmp_motion_driver.o(i.dmp_set_shake_reject_timeout)
    dmp_set_tap_axes                         0x0800421d   Thumb Code    64  inv_mpu_dmp_motion_driver.o(i.dmp_set_tap_axes)
    dmp_set_tap_count                        0x0800425d   Thumb Code    34  inv_mpu_dmp_motion_driver.o(i.dmp_set_tap_count)
    dmp_set_tap_thresh                       0x08004281   Thumb Code   274  inv_mpu_dmp_motion_driver.o(i.dmp_set_tap_thresh)
    dmp_set_tap_time                         0x080043a9   Thumb Code    32  inv_mpu_dmp_motion_driver.o(i.dmp_set_tap_time)
    dmp_set_tap_time_multi                   0x080043c9   Thumb Code    32  inv_mpu_dmp_motion_driver.o(i.dmp_set_tap_time_multi)
    fputc                                    0x080043e9   Thumb Code    20  print.o(i.fputc)
    inv_orientation_matrix_to_scalar         0x08004895   Thumb Code    34  inv_mpu.o(i.inv_orientation_matrix_to_scalar)
    inv_row_2_scale                          0x080048b7   Thumb Code    72  inv_mpu.o(i.inv_row_2_scale)
    main                                     0x08004901   Thumb Code    92  main.o(i.main)
    mget_ms                                  0x0800496d   Thumb Code     2  inv_mpu.o(i.mget_ms)
    mpu_configure_fifo                       0x08004971   Thumb Code    78  inv_mpu.o(i.mpu_configure_fifo)
    mpu_dmp_get_data                         0x080049c5   Thumb Code   408  inv_mpu.o(i.mpu_dmp_get_data)
    mpu_dmp_init                             0x08004b61   Thumb Code   148  inv_mpu.o(i.mpu_dmp_init)
    mpu_get_accel_fsr                        0x08004bf9   Thumb Code    54  inv_mpu.o(i.mpu_get_accel_fsr)
    mpu_get_accel_sens                       0x08004c35   Thumb Code    62  inv_mpu.o(i.mpu_get_accel_sens)
    mpu_get_gyro_fsr                         0x08004c79   Thumb Code    48  inv_mpu.o(i.mpu_get_gyro_fsr)
    mpu_get_gyro_sens                        0x08004cad   Thumb Code    44  inv_mpu.o(i.mpu_get_gyro_sens)
    mpu_get_lpf                              0x08004ced   Thumb Code    52  inv_mpu.o(i.mpu_get_lpf)
    mpu_get_sample_rate                      0x08004d25   Thumb Code    22  inv_mpu.o(i.mpu_get_sample_rate)
    mpu_init                                 0x08004d41   Thumb Code   302  inv_mpu.o(i.mpu_init)
    mpu_load_firmware                        0x08004e99   Thumb Code   154  inv_mpu.o(i.mpu_load_firmware)
    mpu_lp_accel_mode                        0x08004f39   Thumb Code   178  inv_mpu.o(i.mpu_lp_accel_mode)
    mpu_read_fifo_stream                     0x08004ff1   Thumb Code   140  inv_mpu.o(i.mpu_read_fifo_stream)
    mpu_read_mem                             0x08005081   Thumb Code    80  inv_mpu.o(i.mpu_read_mem)
    mpu_reset_fifo                           0x080050d5   Thumb Code   346  inv_mpu.o(i.mpu_reset_fifo)
    mpu_run_self_test                        0x08005235   Thumb Code   234  inv_mpu.o(i.mpu_run_self_test)
    mpu_set_accel_fsr                        0x08005325   Thumb Code    98  inv_mpu.o(i.mpu_set_accel_fsr)
    mpu_set_bypass                           0x0800538d   Thumb Code   214  inv_mpu.o(i.mpu_set_bypass)
    mpu_set_dmp_state                        0x08005469   Thumb Code   114  inv_mpu.o(i.mpu_set_dmp_state)
    mpu_set_gyro_fsr                         0x080054e1   Thumb Code   104  inv_mpu.o(i.mpu_set_gyro_fsr)
    mpu_set_int_latched                      0x0800554d   Thumb Code    94  inv_mpu.o(i.mpu_set_int_latched)
    mpu_set_lpf                              0x080055b1   Thumb Code   102  inv_mpu.o(i.mpu_set_lpf)
    mpu_set_sample_rate                      0x0800561d   Thumb Code   124  inv_mpu.o(i.mpu_set_sample_rate)
    mpu_set_sensors                          0x0800569d   Thumb Code   178  inv_mpu.o(i.mpu_set_sensors)
    mpu_write_mem                            0x08005755   Thumb Code    80  inv_mpu.o(i.mpu_write_mem)
    run_self_test                            0x080057a9   Thumb Code   128  inv_mpu.o(i.run_self_test)
    sqrt                                     0x08005881   Thumb Code    76  sqrt.o(i.sqrt)
    AHBPrescTable                            0x080058cc   Data          16  system_stm32f1xx.o(.constdata)
    APBPrescTable                            0x080058dc   Data           8  system_stm32f1xx.o(.constdata)
    reg                                      0x080058e4   Data          27  inv_mpu.o(.constdata)
    hw                                       0x08005900   Data          12  inv_mpu.o(.constdata)
    test                                     0x0800590c   Data          40  inv_mpu.o(.constdata)
    __mathlib_zero                           0x08006618   Data           8  qnan.o(.constdata)
    Region$$Table$$Base                      0x08006670   Number         0  anon$$obj.o(Region$$Table)
    Region$$Table$$Limit                     0x08006690   Number         0  anon$$obj.o(Region$$Table)
    init_OK                                  0x20000000   Data           1  main.o(.data)
    Speed                                    0x20000002   Data           2  main.o(.data)
    T_1                                      0x20000004   Data           2  main.o(.data)
    T_2                                      0x20000006   Data           2  main.o(.data)
    T_3                                      0x20000008   Data           2  main.o(.data)
    PWM_Upright                              0x2000000a   Data           2  main.o(.data)
    PWM_Speed                                0x2000000c   Data           2  main.o(.data)
    PWM_Steering                             0x2000000e   Data           2  main.o(.data)
    PID_PWM_R                                0x20000010   Data           2  main.o(.data)
    PID_PWM_L                                0x20000012   Data           2  main.o(.data)
    gyro_x                                   0x20000014   Data           2  main.o(.data)
    gyro_y                                   0x20000016   Data           2  main.o(.data)
    gyro_z                                   0x20000018   Data           2  main.o(.data)
    pitch                                    0x2000001c   Data           4  main.o(.data)
    roll                                     0x20000020   Data           4  main.o(.data)
    yaw                                      0x20000024   Data           4  main.o(.data)
    Speed_L                                  0x20000028   Data           4  main.o(.data)
    Speed_R                                  0x2000002c   Data           4  main.o(.data)
    uwTickFreq                               0x20000030   Data           1  stm32f1xx_hal.o(.data)
    uwTickPrio                               0x20000034   Data           4  stm32f1xx_hal.o(.data)
    uwTick                                   0x20000038   Data           4  stm32f1xx_hal.o(.data)
    SystemCoreClock                          0x2000003c   Data           4  system_stm32f1xx.o(.data)
    PID_Steering_Kp                          0x20000078   Data           4  pid.o(.data)
    PID_Steering_Kd                          0x2000007c   Data           4  pid.o(.data)
    PID_Upright_Kp                           0x20000080   Data           4  pid.o(.data)
    PID_Upright_Kd                           0x20000084   Data           4  pid.o(.data)
    PID_Speed_Kp                             0x20000088   Data           4  pid.o(.data)
    PID_Speed_Ki                             0x2000008c   Data           4  pid.o(.data)
    Speed_Integral                           0x20000094   Data           4  pid.o(.data)
    Speed_Err_Last                           0x20000098   Data           4  pid.o(.data)
    __stdout                                 0x2000009c   Data           4  stdout.o(.data)
    htim1                                    0x200000a4   Data          72  tim.o(.bss)
    htim2                                    0x200000ec   Data          72  tim.o(.bss)
    htim3                                    0x20000134   Data          72  tim.o(.bss)
    huart1                                   0x2000017c   Data          68  usart.o(.bss)
    __initial_sp                             0x200005d0   Data           0  startup_stm32f103x6.o(STACK)



==============================================================================

Memory Map of the image

  Image Entry point : 0x080000ed

  Load Region LR_IROM1 (Base: 0x08000000, Size: 0x00006734, Max: 0x00008000, ABSOLUTE)

    Execution Region ER_IROM1 (Exec base: 0x08000000, Load base: 0x08000000, Size: 0x00006690, Max: 0x00008000, ABSOLUTE)

    Exec Addr    Load Addr    Size         Type   Attr      Idx    E Section Name        Object

    0x08000000   0x08000000   0x000000ec   Data   RO            3    RESET               startup_stm32f103x6.o
    0x080000ec   0x080000ec   0x00000000   Code   RO         3643  * .ARM.Collect$$$$00000000  mc_w.l(entry.o)
    0x080000ec   0x080000ec   0x00000004   Code   RO         3980    .ARM.Collect$$$$00000001  mc_w.l(entry2.o)
    0x080000f0   0x080000f0   0x00000004   Code   RO         3983    .ARM.Collect$$$$00000004  mc_w.l(entry5.o)
    0x080000f4   0x080000f4   0x00000000   Code   RO         3985    .ARM.Collect$$$$00000008  mc_w.l(entry7b.o)
    0x080000f4   0x080000f4   0x00000000   Code   RO         3987    .ARM.Collect$$$$0000000A  mc_w.l(entry8b.o)
    0x080000f4   0x080000f4   0x00000008   Code   RO         3988    .ARM.Collect$$$$0000000B  mc_w.l(entry9a.o)
    0x080000fc   0x080000fc   0x00000000   Code   RO         3990    .ARM.Collect$$$$0000000D  mc_w.l(entry10a.o)
    0x080000fc   0x080000fc   0x00000000   Code   RO         3992    .ARM.Collect$$$$0000000F  mc_w.l(entry11a.o)
    0x080000fc   0x080000fc   0x00000004   Code   RO         3981    .ARM.Collect$$$$00002712  mc_w.l(entry2.o)
    0x08000100   0x08000100   0x00000024   Code   RO            4    .text               startup_stm32f103x6.o
    0x08000124   0x08000124   0x00000062   Code   RO         3646    .text               mc_w.l(ldiv.o)
    0x08000186   0x08000186   0x00000020   Code   RO         3648    .text               mc_w.l(llushr.o)
    0x080001a6   0x080001a6   0x00000024   Code   RO         3650    .text               mc_w.l(memseta.o)
    0x080001ca   0x080001ca   0x0000001a   Code   RO         3652    .text               mc_w.l(memcmp.o)
    0x080001e4   0x080001e4   0x000000b0   Code   RO         3915    .text               mf_w.l(fadd.o)
    0x08000294   0x08000294   0x00000064   Code   RO         3917    .text               mf_w.l(fmul.o)
    0x080002f8   0x080002f8   0x0000007c   Code   RO         3919    .text               mf_w.l(fdiv.o)
    0x08000374   0x08000374   0x00000018   Code   RO         3921    .text               mf_w.l(fscalb.o)
    0x0800038c   0x0800038c   0x0000014e   Code   RO         3923    .text               mf_w.l(dadd.o)
    0x080004da   0x080004da   0x000000e4   Code   RO         3925    .text               mf_w.l(dmul.o)
    0x080005be   0x080005be   0x000000de   Code   RO         3927    .text               mf_w.l(ddiv.o)
    0x0800069c   0x0800069c   0x00000012   Code   RO         3929    .text               mf_w.l(fflti.o)
    0x080006ae   0x080006ae   0x0000000a   Code   RO         3931    .text               mf_w.l(ffltui.o)
    0x080006b8   0x080006b8   0x00000032   Code   RO         3935    .text               mf_w.l(ffixi.o)
    0x080006ea   0x080006ea   0x00000028   Code   RO         3937    .text               mf_w.l(ffixui.o)
    0x08000712   0x08000712   0x00000026   Code   RO         3939    .text               mf_w.l(f2d.o)
    0x08000738   0x08000738   0x00000038   Code   RO         3941    .text               mf_w.l(d2f.o)
    0x08000770   0x08000770   0x0000002c   Code   RO         3995    .text               mc_w.l(uidiv.o)
    0x0800079c   0x0800079c   0x00000062   Code   RO         3997    .text               mc_w.l(uldiv.o)
    0x080007fe   0x080007fe   0x0000001e   Code   RO         3999    .text               mc_w.l(llshl.o)
    0x0800081c   0x0800081c   0x00000024   Code   RO         4001    .text               mc_w.l(llsshr.o)
    0x08000840   0x08000840   0x00000000   Code   RO         4010    .text               mc_w.l(iusefp.o)
    0x08000840   0x08000840   0x0000006e   Code   RO         4011    .text               mf_w.l(fepilogue.o)
    0x080008ae   0x080008ae   0x000000ba   Code   RO         4013    .text               mf_w.l(depilogue.o)
    0x08000968   0x08000968   0x0000002e   Code   RO         4015    .text               mf_w.l(dscalb.o)
    0x08000996   0x08000996   0x00000030   Code   RO         4017    .text               mf_w.l(dfixul.o)
    0x080009c6   0x080009c6   0x00000002   PAD
    0x080009c8   0x080009c8   0x00000030   Code   RO         4019    .text               mf_w.l(cdrcmple.o)
    0x080009f8   0x080009f8   0x00000024   Code   RO         4021    .text               mc_w.l(init.o)
    0x08000a1c   0x08000a1c   0x000000a2   Code   RO         4023    .text               mf_w.l(dsqrt.o)
    0x08000abe   0x08000abe   0x00000002   Code   RO          340    i.BusFault_Handler  stm32f1xx_it.o
    0x08000ac0   0x08000ac0   0x00000002   Code   RO          341    i.DebugMon_Handler  stm32f1xx_it.o
    0x08000ac2   0x08000ac2   0x00000004   Code   RO           13    i.Error_Handler     main.o
    0x08000ac6   0x08000ac6   0x00000002   PAD
    0x08000ac8   0x08000ac8   0x0000002c   Code   RO         3586    i.Get_Speed         my.o
    0x08000af4   0x08000af4   0x00000024   Code   RO         1461    i.HAL_Delay         stm32f1xx_hal.o
    0x08000b18   0x08000b18   0x000001c0   Code   RO         1769    i.HAL_GPIO_Init     stm32f1xx_hal_gpio.o
    0x08000cd8   0x08000cd8   0x0000000a   Code   RO         1771    i.HAL_GPIO_ReadPin  stm32f1xx_hal_gpio.o
    0x08000ce2   0x08000ce2   0x0000000a   Code   RO         1773    i.HAL_GPIO_WritePin  stm32f1xx_hal_gpio.o
    0x08000cec   0x08000cec   0x0000000c   Code   RO         1465    i.HAL_GetTick       stm32f1xx_hal.o
    0x08000cf8   0x08000cf8   0x00000010   Code   RO         1471    i.HAL_IncTick       stm32f1xx_hal.o
    0x08000d08   0x08000d08   0x00000024   Code   RO         1472    i.HAL_Init          stm32f1xx_hal.o
    0x08000d2c   0x08000d2c   0x00000040   Code   RO         1473    i.HAL_InitTick      stm32f1xx_hal.o
    0x08000d6c   0x08000d6c   0x0000003c   Code   RO          421    i.HAL_MspInit       stm32f1xx_hal_msp.o
    0x08000da8   0x08000da8   0x0000001a   Code   RO         1929    i.HAL_NVIC_EnableIRQ  stm32f1xx_hal_cortex.o
    0x08000dc2   0x08000dc2   0x00000002   PAD
    0x08000dc4   0x08000dc4   0x00000040   Code   RO         1935    i.HAL_NVIC_SetPriority  stm32f1xx_hal_cortex.o
    0x08000e04   0x08000e04   0x00000024   Code   RO         1936    i.HAL_NVIC_SetPriorityGrouping  stm32f1xx_hal_cortex.o
    0x08000e28   0x08000e28   0x0000012c   Code   RO         1629    i.HAL_RCC_ClockConfig  stm32f1xx_hal_rcc.o
    0x08000f54   0x08000f54   0x00000020   Code   RO         1636    i.HAL_RCC_GetPCLK1Freq  stm32f1xx_hal_rcc.o
    0x08000f74   0x08000f74   0x00000020   Code   RO         1637    i.HAL_RCC_GetPCLK2Freq  stm32f1xx_hal_rcc.o
    0x08000f94   0x08000f94   0x00000074   Code   RO         1638    i.HAL_RCC_GetSysClockFreq  stm32f1xx_hal_rcc.o
    0x08001008   0x08001008   0x00000320   Code   RO         1641    i.HAL_RCC_OscConfig  stm32f1xx_hal_rcc.o
    0x08001328   0x08001328   0x00000028   Code   RO         1940    i.HAL_SYSTICK_Config  stm32f1xx_hal_cortex.o
    0x08001350   0x08001350   0x00000002   Code   RO         1187    i.HAL_TIMEx_BreakCallback  stm32f1xx_hal_tim_ex.o
    0x08001352   0x08001352   0x00000002   Code   RO         1188    i.HAL_TIMEx_CommutCallback  stm32f1xx_hal_tim_ex.o
    0x08001354   0x08001354   0x00000054   Code   RO         1190    i.HAL_TIMEx_ConfigBreakDeadTime  stm32f1xx_hal_tim_ex.o
    0x080013a8   0x080013a8   0x00000060   Code   RO         1206    i.HAL_TIMEx_MasterConfigSynchronization  stm32f1xx_hal_tim_ex.o
    0x08001408   0x08001408   0x0000005a   Code   RO          483    i.HAL_TIM_Base_Init  stm32f1xx_hal_tim.o
    0x08001462   0x08001462   0x00000002   PAD
    0x08001464   0x08001464   0x0000003c   Code   RO          227    i.HAL_TIM_Base_MspInit  tim.o
    0x080014a0   0x080014a0   0x00000044   Code   RO          486    i.HAL_TIM_Base_Start  stm32f1xx_hal_tim.o
    0x080014e4   0x080014e4   0x00000050   Code   RO          488    i.HAL_TIM_Base_Start_IT  stm32f1xx_hal_tim.o
    0x08001534   0x08001534   0x000000d6   Code   RO          492    i.HAL_TIM_ConfigClockSource  stm32f1xx_hal_tim.o
    0x0800160a   0x0800160a   0x000000a4   Code   RO          504    i.HAL_TIM_Encoder_Init  stm32f1xx_hal_tim.o
    0x080016ae   0x080016ae   0x00000002   PAD
    0x080016b0   0x080016b0   0x00000080   Code   RO          229    i.HAL_TIM_Encoder_MspInit  tim.o
    0x08001730   0x08001730   0x0000008e   Code   RO          507    i.HAL_TIM_Encoder_Start  stm32f1xx_hal_tim.o
    0x080017be   0x080017be   0x00000002   Code   RO          517    i.HAL_TIM_IC_CaptureCallback  stm32f1xx_hal_tim.o
    0x080017c0   0x080017c0   0x00000166   Code   RO          531    i.HAL_TIM_IRQHandler  stm32f1xx_hal_tim.o
    0x08001926   0x08001926   0x00000002   PAD
    0x08001928   0x08001928   0x0000004c   Code   RO          230    i.HAL_TIM_MspPostInit  tim.o
    0x08001974   0x08001974   0x00000002   Code   RO          534    i.HAL_TIM_OC_DelayElapsedCallback  stm32f1xx_hal_tim.o
    0x08001976   0x08001976   0x000000c6   Code   RO          555    i.HAL_TIM_PWM_ConfigChannel  stm32f1xx_hal_tim.o
    0x08001a3c   0x08001a3c   0x0000005a   Code   RO          558    i.HAL_TIM_PWM_Init  stm32f1xx_hal_tim.o
    0x08001a96   0x08001a96   0x00000002   Code   RO          560    i.HAL_TIM_PWM_MspInit  stm32f1xx_hal_tim.o
    0x08001a98   0x08001a98   0x00000002   Code   RO          561    i.HAL_TIM_PWM_PulseFinishedCallback  stm32f1xx_hal_tim.o
    0x08001a9a   0x08001a9a   0x00000002   PAD
    0x08001a9c   0x08001a9c   0x00000094   Code   RO          563    i.HAL_TIM_PWM_Start  stm32f1xx_hal_tim.o
    0x08001b30   0x08001b30   0x00000010   Code   RO           14    i.HAL_TIM_PeriodElapsedCallback  main.o
    0x08001b40   0x08001b40   0x00000002   Code   RO          574    i.HAL_TIM_TriggerCallback  stm32f1xx_hal_tim.o
    0x08001b42   0x08001b42   0x00000062   Code   RO         2448    i.HAL_UART_Init     stm32f1xx_hal_uart.o
    0x08001ba4   0x08001ba4   0x00000080   Code   RO          299    i.HAL_UART_MspInit  usart.o
    0x08001c24   0x08001c24   0x000000b2   Code   RO         2456    i.HAL_UART_Transmit  stm32f1xx_hal_uart.o
    0x08001cd6   0x08001cd6   0x00000002   Code   RO          342    i.HardFault_Handler  stm32f1xx_it.o
    0x08001cd8   0x08001cd8   0x00000008   Code   RO         2919    i.I2C_Delay         mpuiic.o
    0x08001ce0   0x08001ce0   0x00000038   Code   RO         2920    i.I2C_End           mpuiic.o
    0x08001d18   0x08001d18   0x00000060   Code   RO         2921    i.I2C_ReadByte      mpuiic.o
    0x08001d78   0x08001d78   0x00000054   Code   RO         2922    i.I2C_SendByte      mpuiic.o
    0x08001dcc   0x08001dcc   0x00000040   Code   RO         2923    i.I2C_Start         mpuiic.o
    0x08001e0c   0x08001e0c   0x00000040   Code   RO         2924    i.IIC_Get_ACK       mpuiic.o
    0x08001e4c   0x08001e4c   0x00000040   Code   RO         2925    i.IIC_Send_ACK      mpuiic.o
    0x08001e8c   0x08001e8c   0x00000024   Code   RO         3587    i.Init              my.o
    0x08001eb0   0x08001eb0   0x00000032   Code   RO         2845    i.MPU_Get_Gyroscope  mpu6050.o
    0x08001ee2   0x08001ee2   0x0000006a   Code   RO         2847    i.MPU_Init          mpu6050.o
    0x08001f4c   0x08001f4c   0x0000002e   Code   RO         2926    i.MPU_Read_Byte     mpuiic.o
    0x08001f7a   0x08001f7a   0x00000002   PAD
    0x08001f7c   0x08001f7c   0x00000056   Code   RO         2927    i.MPU_Read_Len      mpuiic.o
    0x08001fd2   0x08001fd2   0x0000000a   Code   RO         2848    i.MPU_Set_Accel_Fsr  mpu6050.o
    0x08001fdc   0x08001fdc   0x0000000a   Code   RO         2849    i.MPU_Set_Gyro_Fsr  mpu6050.o
    0x08001fe6   0x08001fe6   0x00000030   Code   RO         2850    i.MPU_Set_LPF       mpu6050.o
    0x08002016   0x08002016   0x0000002e   Code   RO         2851    i.MPU_Set_Rate      mpu6050.o
    0x08002044   0x08002044   0x00000024   Code   RO         2928    i.MPU_Write_Byte    mpuiic.o
    0x08002068   0x08002068   0x0000003a   Code   RO         2929    i.MPU_Write_Len     mpuiic.o
    0x080020a2   0x080020a2   0x00000002   PAD
    0x080020a4   0x080020a4   0x00000098   Code   RO          195    i.MX_GPIO_Init      gpio.o
    0x0800213c   0x0800213c   0x00000124   Code   RO          231    i.MX_TIM1_Init      tim.o
    0x08002260   0x08002260   0x00000074   Code   RO          232    i.MX_TIM2_Init      tim.o
    0x080022d4   0x080022d4   0x00000078   Code   RO          233    i.MX_TIM3_Init      tim.o
    0x0800234c   0x0800234c   0x00000038   Code   RO          300    i.MX_USART1_UART_Init  usart.o
    0x08002384   0x08002384   0x00000002   Code   RO          343    i.MemManage_Handler  stm32f1xx_it.o
    0x08002386   0x08002386   0x00000002   Code   RO          344    i.NMI_Handler       stm32f1xx_it.o
    0x08002388   0x08002388   0x000000b4   Code   RO           15    i.PID               main.o
    0x0800243c   0x0800243c   0x0000007c   Code   RO         3544    i.PID_Speed         pid.o
    0x080024b8   0x080024b8   0x0000005c   Code   RO         3545    i.PID_Steering      pid.o
    0x08002514   0x08002514   0x00000034   Code   RO         3546    i.PID_Upright       pid.o
    0x08002548   0x08002548   0x00000018   Code   RO         3588    i.PWM_Amplitude_Limit  my.o
    0x08002560   0x08002560   0x00000002   Code   RO          345    i.PendSV_Handler    stm32f1xx_it.o
    0x08002562   0x08002562   0x00000002   PAD
    0x08002564   0x08002564   0x000000b8   Code   RO           16    i.Pick_Up_Test      main.o
    0x0800261c   0x0800261c   0x00000002   Code   RO          346    i.SVC_Handler       stm32f1xx_it.o
    0x0800261e   0x0800261e   0x00000002   PAD
    0x08002620   0x08002620   0x00000054   Code   RO         3589    i.Set_Motor_PWM     my.o
    0x08002674   0x08002674   0x00000004   Code   RO          347    i.SysTick_Handler   stm32f1xx_it.o
    0x08002678   0x08002678   0x0000005c   Code   RO           17    i.SystemClock_Config  main.o
    0x080026d4   0x080026d4   0x00000002   Code   RO         2777    i.SystemInit        system_stm32f1xx.o
    0x080026d6   0x080026d6   0x00000002   PAD
    0x080026d8   0x080026d8   0x0000000c   Code   RO          348    i.TIM1_UP_IRQHandler  stm32f1xx_it.o
    0x080026e4   0x080026e4   0x0000005c   Code   RO          576    i.TIM_Base_SetConfig  stm32f1xx_hal_tim.o
    0x08002740   0x08002740   0x0000001a   Code   RO          577    i.TIM_CCxChannelCmd  stm32f1xx_hal_tim.o
    0x0800275a   0x0800275a   0x00000014   Code   RO          587    i.TIM_ETR_SetConfig  stm32f1xx_hal_tim.o
    0x0800276e   0x0800276e   0x00000010   Code   RO          588    i.TIM_ITRx_SetConfig  stm32f1xx_hal_tim.o
    0x0800277e   0x0800277e   0x00000002   PAD
    0x08002780   0x08002780   0x00000050   Code   RO          589    i.TIM_OC1_SetConfig  stm32f1xx_hal_tim.o
    0x080027d0   0x080027d0   0x00000058   Code   RO          590    i.TIM_OC2_SetConfig  stm32f1xx_hal_tim.o
    0x08002828   0x08002828   0x00000058   Code   RO          591    i.TIM_OC3_SetConfig  stm32f1xx_hal_tim.o
    0x08002880   0x08002880   0x00000044   Code   RO          592    i.TIM_OC4_SetConfig  stm32f1xx_hal_tim.o
    0x080028c4   0x080028c4   0x00000022   Code   RO          594    i.TIM_TI1_ConfigInputStage  stm32f1xx_hal_tim.o
    0x080028e6   0x080028e6   0x00000024   Code   RO          596    i.TIM_TI2_ConfigInputStage  stm32f1xx_hal_tim.o
    0x0800290a   0x0800290a   0x00000002   PAD
    0x0800290c   0x0800290c   0x000000b8   Code   RO         2474    i.UART_SetConfig    stm32f1xx_hal_uart.o
    0x080029c4   0x080029c4   0x00000064   Code   RO         2477    i.UART_WaitOnFlagUntilTimeout  stm32f1xx_hal_uart.o
    0x08002a28   0x08002a28   0x00000002   Code   RO          349    i.UsageFault_Handler  stm32f1xx_it.o
    0x08002a2a   0x08002a2a   0x00000002   PAD
    0x08002a2c   0x08002a2c   0x00000020   Code   RO         3887    i.__0printf         mc_w.l(printfa.o)
    0x08002a4c   0x08002a4c   0x00000028   Code   RO         3967    i.__ARM_fpclassify  m_ws.l(fpclassify.o)
    0x08002a74   0x08002a74   0x00000020   Code   RO         1942    i.__NVIC_SetPriority  stm32f1xx_hal_cortex.o
    0x08002a94   0x08002a94   0x000000aa   Code   RO         3969    i.__kernel_poly     m_ws.l(poly.o)
    0x08002b3e   0x08002b3e   0x00000006   Code   RO         3954    i.__mathlib_dbl_infnan  m_ws.l(dunder.o)
    0x08002b44   0x08002b44   0x00000004   Code   RO         3955    i.__mathlib_dbl_infnan2  m_ws.l(dunder.o)
    0x08002b48   0x08002b48   0x0000000c   Code   RO         3956    i.__mathlib_dbl_invalid  m_ws.l(dunder.o)
    0x08002b54   0x08002b54   0x00000010   Code   RO         3959    i.__mathlib_dbl_underflow  m_ws.l(dunder.o)
    0x08002b64   0x08002b64   0x0000000e   Code   RO         4029    i.__scatterload_copy  mc_w.l(handlers.o)
    0x08002b72   0x08002b72   0x00000002   Code   RO         4030    i.__scatterload_null  mc_w.l(handlers.o)
    0x08002b74   0x08002b74   0x0000000e   Code   RO         4031    i.__scatterload_zeroinit  mc_w.l(handlers.o)
    0x08002b82   0x08002b82   0x00000002   PAD
    0x08002b84   0x08002b84   0x0000000c   Code   RO         4005    i.__set_errno       mc_w.l(errno.o)
    0x08002b90   0x08002b90   0x00000164   Code   RO         3894    i._fp_digits        mc_w.l(printfa.o)
    0x08002cf4   0x08002cf4   0x000006dc   Code   RO         3895    i._printf_core      mc_w.l(printfa.o)
    0x080033d0   0x080033d0   0x00000024   Code   RO         3896    i._printf_post_padding  mc_w.l(printfa.o)
    0x080033f4   0x080033f4   0x0000002e   Code   RO         3897    i._printf_pre_padding  mc_w.l(printfa.o)
    0x08003422   0x08003422   0x00000002   PAD
    0x08003424   0x08003424   0x00000080   Code   RO         3003    i.accel_self_test   inv_mpu.o
    0x080034a4   0x080034a4   0x00000270   Code   RO         3626    i.asin              m_ws.l(asin.o)
    0x08003714   0x08003714   0x00000220   Code   RO         3944    i.atan              m_ws.l(atan.o)
    0x08003934   0x08003934   0x00000180   Code   RO         3636    i.atan2             m_ws.l(atan2.o)
    0x08003ab4   0x08003ab4   0x0000003a   Code   RO         3355    i.dmp_enable_6x_lp_quat  inv_mpu_dmp_motion_driver.o
    0x08003aee   0x08003aee   0x00000002   PAD
    0x08003af0   0x08003af0   0x000001d8   Code   RO         3356    i.dmp_enable_feature  inv_mpu_dmp_motion_driver.o
    0x08003cc8   0x08003cc8   0x0000003c   Code   RO         3357    i.dmp_enable_gyro_cal  inv_mpu_dmp_motion_driver.o
    0x08003d04   0x08003d04   0x0000003a   Code   RO         3358    i.dmp_enable_lp_quat  inv_mpu_dmp_motion_driver.o
    0x08003d3e   0x08003d3e   0x00000002   PAD
    0x08003d40   0x08003d40   0x00000014   Code   RO         3363    i.dmp_load_motion_driver_firmware  inv_mpu_dmp_motion_driver.o
    0x08003d54   0x08003d54   0x00000144   Code   RO         3364    i.dmp_read_fifo     inv_mpu_dmp_motion_driver.o
    0x08003e98   0x08003e98   0x000000d8   Code   RO         3367    i.dmp_set_accel_bias  inv_mpu_dmp_motion_driver.o
    0x08003f70   0x08003f70   0x00000064   Code   RO         3368    i.dmp_set_fifo_rate  inv_mpu_dmp_motion_driver.o
    0x08003fd4   0x08003fd4   0x000000cc   Code   RO         3369    i.dmp_set_gyro_bias  inv_mpu_dmp_motion_driver.o
    0x080040a0   0x080040a0   0x0000010c   Code   RO         3371    i.dmp_set_orientation  inv_mpu_dmp_motion_driver.o
    0x080041ac   0x080041ac   0x00000030   Code   RO         3374    i.dmp_set_shake_reject_thresh  inv_mpu_dmp_motion_driver.o
    0x080041dc   0x080041dc   0x00000020   Code   RO         3375    i.dmp_set_shake_reject_time  inv_mpu_dmp_motion_driver.o
    0x080041fc   0x080041fc   0x00000020   Code   RO         3376    i.dmp_set_shake_reject_timeout  inv_mpu_dmp_motion_driver.o
    0x0800421c   0x0800421c   0x00000040   Code   RO         3377    i.dmp_set_tap_axes  inv_mpu_dmp_motion_driver.o
    0x0800425c   0x0800425c   0x00000022   Code   RO         3378    i.dmp_set_tap_count  inv_mpu_dmp_motion_driver.o
    0x0800427e   0x0800427e   0x00000002   PAD
    0x08004280   0x08004280   0x00000128   Code   RO         3379    i.dmp_set_tap_thresh  inv_mpu_dmp_motion_driver.o
    0x080043a8   0x080043a8   0x00000020   Code   RO         3380    i.dmp_set_tap_time  inv_mpu_dmp_motion_driver.o
    0x080043c8   0x080043c8   0x00000020   Code   RO         3381    i.dmp_set_tap_time_multi  inv_mpu_dmp_motion_driver.o
    0x080043e8   0x080043e8   0x00000018   Code   RO         2815    i.fputc             print.o
    0x08004400   0x08004400   0x000000ac   Code   RO         3004    i.get_accel_prod_shift  inv_mpu.o
    0x080044ac   0x080044ac   0x00000314   Code   RO         3005    i.get_st_biases     inv_mpu.o
    0x080047c0   0x080047c0   0x000000d4   Code   RO         3006    i.gyro_self_test    inv_mpu.o
    0x08004894   0x08004894   0x00000022   Code   RO         3007    i.inv_orientation_matrix_to_scalar  inv_mpu.o
    0x080048b6   0x080048b6   0x00000048   Code   RO         3008    i.inv_row_2_scale   inv_mpu.o
    0x080048fe   0x080048fe   0x00000002   PAD
    0x08004900   0x08004900   0x0000006c   Code   RO           18    i.main              main.o
    0x0800496c   0x0800496c   0x00000002   Code   RO         3009    i.mget_ms           inv_mpu.o
    0x0800496e   0x0800496e   0x00000002   PAD
    0x08004970   0x08004970   0x00000054   Code   RO         3010    i.mpu_configure_fifo  inv_mpu.o
    0x080049c4   0x080049c4   0x0000019c   Code   RO         3011    i.mpu_dmp_get_data  inv_mpu.o
    0x08004b60   0x08004b60   0x00000098   Code   RO         3012    i.mpu_dmp_init      inv_mpu.o
    0x08004bf8   0x08004bf8   0x0000003c   Code   RO         3013    i.mpu_get_accel_fsr  inv_mpu.o
    0x08004c34   0x08004c34   0x00000044   Code   RO         3015    i.mpu_get_accel_sens  inv_mpu.o
    0x08004c78   0x08004c78   0x00000034   Code   RO         3021    i.mpu_get_gyro_fsr  inv_mpu.o
    0x08004cac   0x08004cac   0x00000040   Code   RO         3023    i.mpu_get_gyro_sens  inv_mpu.o
    0x08004cec   0x08004cec   0x00000038   Code   RO         3025    i.mpu_get_lpf       inv_mpu.o
    0x08004d24   0x08004d24   0x0000001c   Code   RO         3027    i.mpu_get_sample_rate  inv_mpu.o
    0x08004d40   0x08004d40   0x00000158   Code   RO         3029    i.mpu_init          inv_mpu.o
    0x08004e98   0x08004e98   0x000000a0   Code   RO         3030    i.mpu_load_firmware  inv_mpu.o
    0x08004f38   0x08004f38   0x000000b8   Code   RO         3031    i.mpu_lp_accel_mode  inv_mpu.o
    0x08004ff0   0x08004ff0   0x00000090   Code   RO         3034    i.mpu_read_fifo_stream  inv_mpu.o
    0x08005080   0x08005080   0x00000054   Code   RO         3035    i.mpu_read_mem      inv_mpu.o
    0x080050d4   0x080050d4   0x00000160   Code   RO         3038    i.mpu_reset_fifo    inv_mpu.o
    0x08005234   0x08005234   0x000000f0   Code   RO         3039    i.mpu_run_self_test  inv_mpu.o
    0x08005324   0x08005324   0x00000068   Code   RO         3041    i.mpu_set_accel_fsr  inv_mpu.o
    0x0800538c   0x0800538c   0x000000dc   Code   RO         3042    i.mpu_set_bypass    inv_mpu.o
    0x08005468   0x08005468   0x00000078   Code   RO         3044    i.mpu_set_dmp_state  inv_mpu.o
    0x080054e0   0x080054e0   0x0000006c   Code   RO         3045    i.mpu_set_gyro_fsr  inv_mpu.o
    0x0800554c   0x0800554c   0x00000064   Code   RO         3046    i.mpu_set_int_latched  inv_mpu.o
    0x080055b0   0x080055b0   0x0000006c   Code   RO         3048    i.mpu_set_lpf       inv_mpu.o
    0x0800561c   0x0800561c   0x00000080   Code   RO         3049    i.mpu_set_sample_rate  inv_mpu.o
    0x0800569c   0x0800569c   0x000000b8   Code   RO         3050    i.mpu_set_sensors   inv_mpu.o
    0x08005754   0x08005754   0x00000054   Code   RO         3051    i.mpu_write_mem     inv_mpu.o
    0x080057a8   0x080057a8   0x00000080   Code   RO         3052    i.run_self_test     inv_mpu.o
    0x08005828   0x08005828   0x00000058   Code   RO         3053    i.set_int_enable    inv_mpu.o
    0x08005880   0x08005880   0x0000004c   Code   RO         3973    i.sqrt              m_ws.l(sqrt.o)
    0x080058cc   0x080058cc   0x00000010   Data   RO         2778    .constdata          system_stm32f1xx.o
    0x080058dc   0x080058dc   0x00000008   Data   RO         2779    .constdata          system_stm32f1xx.o
    0x080058e4   0x080058e4   0x0000001b   Data   RO         3055    .constdata          inv_mpu.o
    0x080058ff   0x080058ff   0x00000001   PAD
    0x08005900   0x08005900   0x0000000c   Data   RO         3056    .constdata          inv_mpu.o
    0x0800590c   0x0800590c   0x00000028   Data   RO         3057    .constdata          inv_mpu.o
    0x08005934   0x08005934   0x00000bf6   Data   RO         3383    .constdata          inv_mpu_dmp_motion_driver.o
    0x0800652a   0x0800652a   0x00000006   PAD
    0x08006530   0x08006530   0x00000050   Data   RO         3627    .constdata          m_ws.l(asin.o)
    0x08006580   0x08006580   0x00000098   Data   RO         3945    .constdata          m_ws.l(atan.o)
    0x08006618   0x08006618   0x00000008   Data   RO         3971    .constdata          m_ws.l(qnan.o)
    0x08006620   0x08006620   0x0000004d   Data   RO         3058    .conststring        inv_mpu.o
    0x0800666d   0x0800666d   0x00000003   PAD
    0x08006670   0x08006670   0x00000020   Data   RO         4027    Region$$Table       anon$$obj.o


    Execution Region RW_IRAM1 (Exec base: 0x20000000, Load base: 0x08006690, Size: 0x000005d0, Max: 0x00002800, ABSOLUTE)

    Exec Addr    Load Addr    Size         Type   Attr      Idx    E Section Name        Object

    0x20000000   0x08006690   0x00000030   Data   RW           19    .data               main.o
    0x20000030   0x080066c0   0x0000000c   Data   RW         1479    .data               stm32f1xx_hal.o
    0x2000003c   0x080066cc   0x00000004   Data   RW         2780    .data               system_stm32f1xx.o
    0x20000040   0x080066d0   0x00000035   Data   RW         3059    .data               inv_mpu.o
    0x20000075   0x08006705   0x00000003   PAD
    0x20000078   0x08006708   0x00000024   Data   RW         3547    .data               pid.o
    0x2000009c   0x0800672c   0x00000004   Data   RW         3994    .data               mc_w.l(stdout.o)
    0x200000a0   0x08006730   0x00000004   Data   RW         4006    .data               mc_w.l(errno.o)
    0x200000a4        -       0x000000d8   Zero   RW          234    .bss                tim.o
    0x2000017c        -       0x00000044   Zero   RW          301    .bss                usart.o
    0x200001c0        -       0x00000010   Zero   RW         3382    .bss                inv_mpu_dmp_motion_driver.o
    0x200001d0        -       0x00000400   Zero   RW            1    STACK               startup_stm32f103x6.o


==============================================================================

Image component sizes


      Code (inc. data)   RO Data    RW Data    ZI Data      Debug   Object Name

       152         12          0          0          0        919   gpio.o
      5264        248        156         53          0      30098   inv_mpu.o
      2350        118       3062          0         16      19566   inv_mpu_dmp_motion_driver.o
       584         54          0         48          0     451795   main.o
       270          0          0          0          0       3661   mpu6050.o
       662         28          0          0          0       6625   mpuiic.o
       188         18          0          0          0       2377   my.o
       268         30          0         36          0       2421   pid.o
        24          4          0          0          0        460   print.o
        36          8        236          0       1024        800   startup_stm32f103x6.o
       164         28          0         12          0       5549   stm32f1xx_hal.o
       198         14          0          0          0      28923   stm32f1xx_hal_cortex.o
       468         30          0          0          0       3495   stm32f1xx_hal_gpio.o
        60          8          0          0          0        866   stm32f1xx_hal_msp.o
      1280        102          0          0          0       5212   stm32f1xx_hal_rcc.o
      2110         56          0          0          0      18350   stm32f1xx_hal_tim.o
       184         10          0          0          0       3145   stm32f1xx_hal_tim_ex.o
       560          6          0          0          0       3928   stm32f1xx_hal_uart.o
        32          6          0          0          0       4287   stm32f1xx_it.o
         2          0         24          4          0       1107   system_stm32f1xx.o
       792         58          0          0        216       4444   tim.o
       184         24          0          0         68       1710   usart.o

    ----------------------------------------------------------------------
     15870        862       3520        156       1324     599738   Object Totals
         0          0         32          0          0          0   (incl. Generated)
        38          0         10          3          0          0   (incl. Padding)

    ----------------------------------------------------------------------

      Code (inc. data)   RO Data    RW Data    ZI Data      Debug   Library Member Name

       624         52         80          0          0        168   asin.o
       544         70        152          0          0        124   atan.o
       384         38          0          0          0        144   atan2.o
        38          6          0          0          0        272   dunder.o
        40          0          0          0          0         68   fpclassify.o
       170          0          0          0          0         96   poly.o
         0          0          8          0          0          0   qnan.o
        76          0          0          0          0         84   sqrt.o
         0          0          0          0          0          0   entry.o
         0          0          0          0          0          0   entry10a.o
         0          0          0          0          0          0   entry11a.o
         8          4          0          0          0          0   entry2.o
         4          0          0          0          0          0   entry5.o
         0          0          0          0          0          0   entry7b.o
         0          0          0          0          0          0   entry8b.o
         8          4          0          0          0          0   entry9a.o
        12          6          0          4          0         68   errno.o
        30          0          0          0          0          0   handlers.o
        36          8          0          0          0         68   init.o
         0          0          0          0          0          0   iusefp.o
        98          0          0          0          0         84   ldiv.o
        30          0          0          0          0         68   llshl.o
        36          0          0          0          0         68   llsshr.o
        32          0          0          0          0         68   llushr.o
        26          0          0          0          0         80   memcmp.o
        36          0          0          0          0        108   memseta.o
      2226         90          0          0          0        444   printfa.o
         0          0          0          4          0          0   stdout.o
        44          0          0          0          0         80   uidiv.o
        98          0          0          0          0         92   uldiv.o
        48          0          0          0          0         68   cdrcmple.o
        56          0          0          0          0         88   d2f.o
       334          0          0          0          0        148   dadd.o
       222          0          0          0          0        100   ddiv.o
       186          0          0          0          0        176   depilogue.o
        48          0          0          0          0         68   dfixul.o
       228          0          0          0          0         96   dmul.o
        46          0          0          0          0         80   dscalb.o
       162          0          0          0          0        100   dsqrt.o
        38          0          0          0          0         68   f2d.o
       176          0          0          0          0        140   fadd.o
       124          0          0          0          0         88   fdiv.o
       110          0          0          0          0        168   fepilogue.o
        50          0          0          0          0         68   ffixi.o
        40          0          0          0          0         68   ffixui.o
        18          0          0          0          0         68   fflti.o
        10          0          0          0          0         68   ffltui.o
       100          0          0          0          0         76   fmul.o
        24          0          0          0          0         68   fscalb.o

    ----------------------------------------------------------------------
      6626        278        240          8          0       3988   Library Totals
         6          0          0          0          0          0   (incl. Padding)

    ----------------------------------------------------------------------

      Code (inc. data)   RO Data    RW Data    ZI Data      Debug   Library Name

      1876        166        240          0          0        956   m_ws.l
      2724        112          0          8          0       1228   mc_w.l
      2020          0          0          0          0       1804   mf_w.l

    ----------------------------------------------------------------------
      6626        278        240          8          0       3988   Library Totals

    ----------------------------------------------------------------------

==============================================================================


      Code (inc. data)   RO Data    RW Data    ZI Data      Debug   

     22496       1140       3760        164       1324     593842   Grand Totals
     22496       1140       3760        164       1324     593842   ELF Image Totals
     22496       1140       3760        164          0          0   ROM Totals

==============================================================================

    Total RO  Size (Code + RO Data)                26256 (  25.64kB)
    Total RW  Size (RW Data + ZI Data)              1488 (   1.45kB)
    Total ROM Size (Code + RO Data + RW Data)      26420 (  25.80kB)

==============================================================================

